{
  "overlay__click-content.html": "<mk-overlay mk-theme=\"light\"><gst-fake-shadow><style>\n  #root {\n    background: transparent;\n    position: fixed;\n    top: 0;\n    bottom: 0;\n    left: 0;\n    right: 0;\n  }\n\n  #root.hidden {\n    display: none;\n  }\n\n  #content {\n    position: fixed;\n  }\n</style>\n<div id=\"root\" mk-theme-context=\"main\" class=\"\">\n  <div id=\"content\" mk-body-2=\"\" shadow=\"up\" style=\"left: 0px; top: 0px;\"><div></div><span></span></div>\n</div>\n<link rel=\"stylesheet\" href=\"base/test.css\"></gst-fake-shadow></mk-overlay>",
  "overlay__click-root.html": "<mk-overlay mk-theme=\"light\"><gst-fake-shadow><style>\n  #root {\n    background: transparent;\n    position: fixed;\n    top: 0;\n    bottom: 0;\n    left: 0;\n    right: 0;\n  }\n\n  #root.hidden {\n    display: none;\n  }\n\n  #content {\n    position: fixed;\n  }\n</style>\n<div id=\"root\" mk-theme-context=\"main\" class=\"hidden\">\n  <div id=\"content\" mk-body-2=\"\" shadow=\"up\" style=\"\"></div>\n</div>\n<link rel=\"stylesheet\" href=\"base/test.css\"></gst-fake-shadow></mk-overlay>",
  "overlay__content.html": "<mk-overlay mk-theme=\"light\"><gst-fake-shadow><style>\n  #root {\n    background: transparent;\n    position: fixed;\n    top: 0;\n    bottom: 0;\n    left: 0;\n    right: 0;\n  }\n\n  #root.hidden {\n    display: none;\n  }\n\n  #content {\n    position: fixed;\n  }\n</style>\n<div id=\"root\" mk-theme-context=\"main\" class=\"\">\n  <div id=\"content\" mk-body-2=\"\" shadow=\"up\" style=\"left: 0px; top: 0px;\"><div id=\"testContent\">test content</div></div>\n</div>\n<link rel=\"stylesheet\" href=\"base/test.css\"></gst-fake-shadow></mk-overlay>",
  "overlay__end-end.html": "<mk-overlay mk-theme=\"light\"><gst-fake-shadow><style>\n  #root {\n    background: transparent;\n    position: fixed;\n    top: 0;\n    bottom: 0;\n    left: 0;\n    right: 0;\n  }\n\n  #root.hidden {\n    display: none;\n  }\n\n  #content {\n    position: fixed;\n  }\n</style>\n<div id=\"root\" mk-theme-context=\"main\" class=\"\">\n  <div id=\"content\" mk-body-2=\"\" shadow=\"up\" style=\"left: -30px; top: -10px;\"><div></div></div>\n</div>\n<link rel=\"stylesheet\" href=\"base/test.css\"></gst-fake-shadow></mk-overlay>",
  "overlay__middle-middle.html": "<mk-overlay mk-theme=\"light\"><gst-fake-shadow><style>\n  #root {\n    background: transparent;\n    position: fixed;\n    top: 0;\n    bottom: 0;\n    left: 0;\n    right: 0;\n  }\n\n  #root.hidden {\n    display: none;\n  }\n\n  #content {\n    position: fixed;\n  }\n</style>\n<div id=\"root\" mk-theme-context=\"main\" class=\"\">\n  <div id=\"content\" mk-body-2=\"\" shadow=\"up\" style=\"left: -10px; top: 10px;\"><div></div></div>\n</div>\n<link rel=\"stylesheet\" href=\"base/test.css\"></gst-fake-shadow></mk-overlay>",
  "overlay__show.html": "<mk-overlay mk-theme=\"light\"><gst-fake-shadow><style>\n  #root {\n    background: transparent;\n    position: fixed;\n    top: 0;\n    bottom: 0;\n    left: 0;\n    right: 0;\n  }\n\n  #root.hidden {\n    display: none;\n  }\n\n  #content {\n    position: fixed;\n  }\n</style>\n<div id=\"root\" mk-theme-context=\"main\" class=\"\">\n  <div id=\"content\" mk-body-2=\"\" shadow=\"up\" style=\"left: 0px; top: 0px;\"><div></div><span></span></div>\n</div>\n<link rel=\"stylesheet\" href=\"base/test.css\"></gst-fake-shadow></mk-overlay>",
  "overlay__start-start.html": "<mk-overlay mk-theme=\"light\"><gst-fake-shadow><style>\n  #root {\n    background: transparent;\n    position: fixed;\n    top: 0;\n    bottom: 0;\n    left: 0;\n    right: 0;\n  }\n\n  #root.hidden {\n    display: none;\n  }\n\n  #content {\n    position: fixed;\n  }\n</style>\n<div id=\"root\" mk-theme-context=\"main\" class=\"\">\n  <div id=\"content\" mk-body-2=\"\" shadow=\"up\" style=\"left: 10px; top: 30px;\"><div></div></div>\n</div>\n<link rel=\"stylesheet\" href=\"base/test.css\"></gst-fake-shadow></mk-overlay>"
}