<mk-overlay mk-theme="light"><div></div><span></span><gst-fake-shadow><style>
  #root {
    position: fixed;
    top: 0;
    bottom: 0;
    left: 0;
    right: 0;
  }

  #root.hidden {
    display: none;
  }

  #content {
    position: fixed;
  }
</style>
<div id="root" class="">
  <div id="content" shadow="up" style="left: 0px; top: 0px;">
    <slot></slot>
  </div>
</div>
<link rel="stylesheet" href="base/test.css"></gst-fake-shadow></mk-overlay>