<mk-overlay mk-theme="light"><gst-fake-shadow><style>
  #root {
    background: transparent;
    position: fixed;
    top: 0;
    bottom: 0;
    left: 0;
    right: 0;
  }

  #root.hidden {
    display: none;
  }

  #content {
    position: fixed;
  }
</style>
<div id="root" mk-theme-context="main" class="">
  <div id="content" shadow="up" style="left: 10px; top: 30px;"><div></div></div>
</div>
<link rel="stylesheet" href="base/test.css"></gst-fake-shadow></mk-overlay>