{
  "type": "element",
  "raw": "<mk-test-base-action mk-theme=\"light\" mk-disabled=\"\"><gst-fake-shadow><div id=\"el\" aria-disabled=\"true\" mk-action-1=\"\" disabled=\"\" mk-disabled=\"\"></div></gst-fake-shadow></mk-test-base-action>",
  "name": "base-action__aria_disabled_true"
}