{
  "base-action__aria_disabled_false.golden": "{\n  \"type\": \"element\",\n  \"raw\": \"<mk-test-base-action mk-theme=\\\"light\\\"><gst-fake-shadow><div id=\\\"el\\\" aria-disabled=\\\"false\\\" mk-action-1=\\\"\\\"></div></gst-fake-shadow></mk-test-base-action>\",\n  \"name\": \"base-action__aria_disabled_false\"\n}",
  "base-action__aria_disabled_true.golden": "{\n  \"type\": \"element\",\n  \"raw\": \"<mk-test-base-action mk-theme=\\\"light\\\" mk-disabled=\\\"\\\"><gst-fake-shadow><div id=\\\"el\\\" aria-disabled=\\\"true\\\" mk-action-1=\\\"\\\" disabled=\\\"\\\" mk-disabled=\\\"\\\"></div></gst-fake-shadow></mk-test-base-action>\",\n  \"name\": \"base-action__aria_disabled_true\"\n}",
  "base-action__is-secondary_false.golden": "{\n  \"type\": \"element\",\n  \"raw\": \"<mk-test-base-action mk-theme=\\\"light\\\"><gst-fake-shadow><div id=\\\"el\\\" aria-disabled=\\\"false\\\" mk-action-1=\\\"\\\"></div></gst-fake-shadow></mk-test-base-action>\",\n  \"name\": \"base-action__is-secondary_false\"\n}",
  "base-action__is-secondary_true.golden": "{\n  \"type\": \"element\",\n  \"raw\": \"<mk-test-base-action mk-theme=\\\"light\\\" is-secondary=\\\"\\\"><gst-fake-shadow><div id=\\\"el\\\" aria-disabled=\\\"false\\\" mk-action-2=\\\"\\\"></div></gst-fake-shadow></mk-test-base-action>\",\n  \"name\": \"base-action__is-secondary_true\"\n}",
  "button__disabled.golden": "{\n  \"type\": \"element\",\n  \"raw\": \"<mk-button mk-theme=\\\"light\\\" mk-disabled=\\\"\\\">Button<gst-fake-shadow><style>\\n  #root {\\n    border: none;\\n    cursor: pointer;\\n    padding: 0;\\n    user-select: none;\\n    -moz-user-select: none;\\n    -ms-user-select: none;\\n    -webkit-user-select: none;\\n    width: 100%;\\n  }\\n\\n  :host {\\n    cursor: pointer;\\n  }\\n\\n  #root[disabled],\\n  #root[disabled]:focus {\\n    cursor: default;\\n  }\\n\\n  #root:hover,\\n  #root:focus {\\n    outline: none;\\n  }\\n</style>\\n<button id=\\\"root\\\" aria-disabled=\\\"true\\\" mk-action-1=\\\"\\\" tabindex=\\\"-1\\\" disabled=\\\"\\\" mk-disabled=\\\"\\\">\\n  <slot></slot>\\n</button>\\n<link rel=\\\"stylesheet\\\" href=\\\"base/test.css\\\"></gst-fake-shadow></mk-button>\",\n  \"name\": \"button__disabled\"\n}",
  "button__enabled.golden": "{\n  \"type\": \"element\",\n  \"raw\": \"<mk-button mk-theme=\\\"light\\\">Button<gst-fake-shadow><style>\\n  #root {\\n    border: none;\\n    cursor: pointer;\\n    padding: 0;\\n    user-select: none;\\n    -moz-user-select: none;\\n    -ms-user-select: none;\\n    -webkit-user-select: none;\\n    width: 100%;\\n  }\\n\\n  :host {\\n    cursor: pointer;\\n  }\\n\\n  #root[disabled],\\n  #root[disabled]:focus {\\n    cursor: default;\\n  }\\n\\n  #root:hover,\\n  #root:focus {\\n    outline: none;\\n  }\\n</style>\\n<button id=\\\"root\\\" aria-disabled=\\\"false\\\" mk-action-1=\\\"\\\" tabindex=\\\"0\\\">\\n  <slot></slot>\\n</button>\\n<link rel=\\\"stylesheet\\\" href=\\\"base/test.css\\\"></gst-fake-shadow></mk-button>\",\n  \"name\": \"button__enabled\"\n}"
}