<mk-test-base-action mk-theme="light"><div id="el" aria-disabled="false" mk-action-1=""></div></mk-test-base-action>