<mk-test-base-action mk-disabled=""><div id="el" aria-disabled="true" mk-action-1="" disabled=""></div></mk-test-base-action>