<mk-test-base-action mk-theme="light" is-secondary=""><div id="el" aria-disabled="false" mk-action-2=""></div></mk-test-base-action>