{
  "base-action__aria_disabled_false.html": "<mk-test-base-action><div id=\"el\" aria-disabled=\"false\" mk-action-1=\"\"></div></mk-test-base-action>",
  "base-action__aria_disabled_true.html": "<mk-test-base-action mk-disabled=\"\"><div id=\"el\" aria-disabled=\"true\" mk-action-1=\"\" disabled=\"\"></div></mk-test-base-action>",
  "base-action__is-secondary_false.html": "<mk-test-base-action><div id=\"el\" aria-disabled=\"false\" mk-action-1=\"\"></div></mk-test-base-action>",
  "base-action__is-secondary_true.html": "<mk-test-base-action is-secondary=\"\"><div id=\"el\" aria-disabled=\"false\" mk-action-2=\"\"></div></mk-test-base-action>",
  "button__disabled.html": "<mk-button mk-disabled=\"\"><style>\n  #root {\n    border: none;\n    cursor: pointer;\n    padding: 0;\n    user-select: none;\n    -moz-user-select: none;\n    -ms-user-select: none;\n    -webkit-user-select: none;\n    width: 100%;\n  }\n\n  :host {\n    cursor: pointer;\n  }\n\n  :host([disabled]),\n  :host([disabled]:focus) {\n    cursor: default;\n  }\n\n  :host(:hover),\n  :host(:focus) {\n    outline: none;\n  }\n</style>\n<button id=\"root\" aria-disabled=\"true\" mk-action-1=\"\" tabindex=\"-1\" disabled=\"\">\n  <slot>Button</slot>\n</button>\n<link rel=\"stylesheet\" href=\"base/test.css\"></mk-button>",
  "button__enabled.html": "<mk-button><style>\n  #root {\n    border: none;\n    cursor: pointer;\n    padding: 0;\n    user-select: none;\n    -moz-user-select: none;\n    -ms-user-select: none;\n    -webkit-user-select: none;\n    width: 100%;\n  }\n\n  :host {\n    cursor: pointer;\n  }\n\n  :host([disabled]),\n  :host([disabled]:focus) {\n    cursor: default;\n  }\n\n  :host(:hover),\n  :host(:focus) {\n    outline: none;\n  }\n</style>\n<button id=\"root\" aria-disabled=\"false\" mk-action-1=\"\" tabindex=\"0\">\n  <slot>Button</slot>\n</button>\n<link rel=\"stylesheet\" href=\"base/test.css\"></mk-button>"
}