<mk-annotated-text mk-theme="light">banana<gst-fake-shadow><!-- #contents -->ccncnc<link rel="stylesheet" href="base/test.css"></gst-fake-shadow></mk-annotated-text>