{
  "type": "element",
  "raw": "<mk-code-block mk-theme=\"light\">\n      import {something} from './something.ts';\n\n      something.callFn(123);\n      <gst-fake-shadow><style>\n  .hljs {\n    overflow: auto;\n    background: var(--mkThemePassiveBG1B);\n    color: var(--mkThemePassiveFG1B);\n    padding: 1rem;\n    font-family: var(--mkFontFamilyMono);\n  }\n\n  .hljs-emphasis {\n    font-style: italic;\n  }\n\n  .hljs-strong {\n    font-weight: var(--mkFontWeightBold);\n  }\n\n  .hljs-keyword,\n  .hljs-selector-tag {\n    color: var(--mkThemeHoverBG1B);\n    font-weight: var(--mkFontWeightBold);\n  }\n\n  .hljs-bullet,.hljs-string,.hljs-symbol {\n    color: var(--mkThemeActionFG2B);\n  }\n\n  .hljs-comment,\n  .hljs-quote {\n    color: var(--mkThemeDisabledFG2B);\n  }\n\n  .hljs-built_in,\n  .hljs-builtin-name,\n  .hljs-literal,\n  .hljs-meta,\n  .hljs-type {\n    color: var(--mkThemeActionBG1B);\n    font-weight: var(--mkFontWeightBold);\n  }\n\n  .hljs-params,\n  .hljs-number {\n    color: var(--mkThemePassiveFG2B);\n  }\n\n  .hljs-attribute,\n  .hljs-link,\n  .hljs-name,\n  .hljs-selector-class,\n  .hljs-selector-id,\n  .hljs-tag,\n  .hljs-template-variable,\n  .hljs-variable {\n    color: var(--mkThemeFocusBG2B);\n  }\n\n  .hljs-regexp {\n    color: var(--mkThemeFocusBG2B);\n  }\n\n  .hljs-section,\n  .hljs-title {\n    color: var(--mkThemePassiveFG1B);\n    font-weight: var(--mkFontWeightBold);\n  }\n\n  .hljs-addition,\n  .hljs-deletion {\n    color: #1b1818;\n    display: inline-block;\n    width: 100%\n  }\n\n  .hljs-deletion {\n    background-color: #ca4949\n  }\n\n  .hljs-addition {\n    background-color: #4b8b8b\n  }\n</style>\n<pre fill-parent=\"\" id=\"root\">\n      import {something} from './something.ts';\n\n      something.callFn(123);\n      </pre>\n<link rel=\"stylesheet\" href=\"base/test.css\"></gst-fake-shadow></mk-code-block>",
  "name": "code-block"
}