<mk-icon mk-theme="light"><gst-fake-shadow><style>
  :host {
    pointer-events: none;
    user-select: none;
  }

  #root > svg #foreground {
    fill: var(--mkThemeFG) !important;
  }
</style>
<span aria-hidden="true" role="presentation" id="root"></span>
<link rel="stylesheet" href="base/test.css"></gst-fake-shadow></mk-icon>