{
  "icon__fit-to-height.html": "<mk-icon mk-theme=\"light\" fit-to=\"height\" icon=\"svgName\"><style>\n  :host {\n    pointer-events: none;\n    user-select: none;\n  }\n\n  #root > svg #foreground {\n    fill: var(--mkThemeFG) !important;\n  }\n</style>\n<span aria-hidden=\"true\" role=\"presentation\" id=\"root\"><svg xmlns:dc=\"http://purl.org/dc/elements/1.1/\" xmlns:cc=\"http://creativecommons.org/ns#\" xmlns:rdf=\"http://www.w3.org/1999/02/22-rdf-syntax-ns#\" xmlns:svg=\"http://www.w3.org/2000/svg\" xmlns=\"http://www.w3.org/2000/svg\" xmlns:sodipodi=\"http://sodipodi.sourceforge.net/DTD/sodipodi-0.dtd\" xmlns:inkscape=\"http://www.inkscape.org/namespaces/inkscape\" xml:space=\"preserve\" version=\"1.1\" style=\"clip-rule:evenodd;fill-rule:evenodd;image-rendering:optimizeQuality;shape-rendering:geometricPrecision;text-rendering:geometricPrecision\" viewBox=\"0 0 48 48\" x=\"0px\" y=\"0px\" id=\"svg4211\" inkscape:version=\"1.0 (4035a4f, 2020-05-01)\" sodipodi:docname=\"mask.svg\" height=\"100%\"><metadata id=\"metadata4227\"><rdf:RDF><cc:Work rdf:about=\"\"><dc:format>image/svg+xml</dc:format><dc:type rdf:resource=\"http://purl.org/dc/dcmitype/StillImage\"></dc:type><dc:title></dc:title></cc:Work></rdf:RDF></metadata><sodipodi:namedview pagecolor=\"#ffffff\" bordercolor=\"#666666\" borderopacity=\"1\" objecttolerance=\"10\" gridtolerance=\"10\" guidetolerance=\"10\" inkscape:pageopacity=\"0\" inkscape:pageshadow=\"2\" inkscape:window-width=\"1680\" inkscape:window-height=\"1005\" id=\"namedview4225\" showgrid=\"false\" inkscape:zoom=\"10.667508\" inkscape:cx=\"19.546267\" inkscape:cy=\"18.793325\" inkscape:window-x=\"0\" inkscape:window-y=\"23\" inkscape:window-maximized=\"1\" inkscape:current-layer=\"svg4211\" inkscape:document-rotation=\"0\"></sodipodi:namedview><defs id=\"defs4213\"><style type=\"text/css\" id=\"style4215\">\n   \n    .fil0 {fill:black}\n   \n  </style></defs><path id=\"foreground\" style=\"fill:#000000;stroke-width:1.68955;opacity:1\" d=\"M 48 0 L 31.8125 16.1875 C 37.94589 17.03823 42.582643 18.882495 41.941406 21.671875 C 40.235198 28.900805 33.992732 36.623549 27.033203 29.574219 C 24.428992 27.014909 23.576868 27.014909 20.972656 29.574219 C 19.125822 31.444883 17.330584 32.268318 15.65625 32.34375 L 0 48 L 48 48 L 48 0 z M 15.65625 32.34375 L 24.478516 23.521484 C 24.333986 23.621002 24.168214 23.693359 23.980469 23.693359 C 23.486567 23.693359 23.126953 23.288822 23.126953 22.794922 C 23.126953 22.301022 23.486567 21.896484 23.980469 21.896484 C 24.474371 21.896484 24.878906 22.301022 24.878906 22.794922 C 24.878906 22.98313 24.806999 23.148232 24.707031 23.292969 L 31.8125 16.1875 C 29.222337 15.828232 26.369853 15.640556 23.527344 15.642578 C 14.248465 15.649578 5.136282 17.605605 6.0644531 21.671875 C 7.3178881 26.98248 11.021096 32.552572 15.65625 32.34375 z M 23.980469 18.125 C 24.474371 18.125 24.878906 18.529537 24.878906 19.023438 C 24.878906 19.517338 24.474371 19.876953 23.980469 19.876953 C 23.486567 19.876953 23.126953 19.517338 23.126953 19.023438 C 23.126953 18.529537 23.486567 18.125 23.980469 18.125 z M 14.636719 22.132812 C 16.843241 22.151013 18.81412 23.456704 19.894531 25.802734 C 16.571916 27.553844 13.114476 26.342096 11.542969 22.929688 C 12.581286 22.382468 13.633754 22.124534 14.636719 22.132812 z M 33.369141 22.132812 C 31.162619 22.151013 29.191739 23.456704 28.111328 25.802734 C 31.433942 27.553844 34.891385 26.342098 36.462891 22.929688 C 35.424574 22.382466 34.372105 22.124813 33.369141 22.132812 z M 23.980469 25.712891 C 23.486567 25.712891 23.126953 26.117418 23.126953 26.611328 C 23.126953 27.105228 23.486567 27.509766 23.980469 27.509766 C 24.474371 27.509766 24.878906 27.105228 24.878906 26.611328 C 24.878906 26.117418 24.474371 25.712891 23.980469 25.712891 z \"></path></svg></span>\n<link rel=\"stylesheet\" href=\"base/test.css\"></mk-icon>",
  "icon__fit-to-width.html": "<mk-icon mk-theme=\"light\" fit-to=\"width\" icon=\"svgName\"><style>\n  :host {\n    pointer-events: none;\n    user-select: none;\n  }\n\n  #root > svg #foreground {\n    fill: var(--mkThemeFG) !important;\n  }\n</style>\n<span aria-hidden=\"true\" role=\"presentation\" id=\"root\"><svg xmlns:dc=\"http://purl.org/dc/elements/1.1/\" xmlns:cc=\"http://creativecommons.org/ns#\" xmlns:rdf=\"http://www.w3.org/1999/02/22-rdf-syntax-ns#\" xmlns:svg=\"http://www.w3.org/2000/svg\" xmlns=\"http://www.w3.org/2000/svg\" xmlns:sodipodi=\"http://sodipodi.sourceforge.net/DTD/sodipodi-0.dtd\" xmlns:inkscape=\"http://www.inkscape.org/namespaces/inkscape\" xml:space=\"preserve\" version=\"1.1\" style=\"clip-rule:evenodd;fill-rule:evenodd;image-rendering:optimizeQuality;shape-rendering:geometricPrecision;text-rendering:geometricPrecision\" viewBox=\"0 0 48 48\" x=\"0px\" y=\"0px\" id=\"svg4211\" inkscape:version=\"1.0 (4035a4f, 2020-05-01)\" sodipodi:docname=\"mask.svg\" width=\"100%\"><metadata id=\"metadata4227\"><rdf:RDF><cc:Work rdf:about=\"\"><dc:format>image/svg+xml</dc:format><dc:type rdf:resource=\"http://purl.org/dc/dcmitype/StillImage\"></dc:type><dc:title></dc:title></cc:Work></rdf:RDF></metadata><sodipodi:namedview pagecolor=\"#ffffff\" bordercolor=\"#666666\" borderopacity=\"1\" objecttolerance=\"10\" gridtolerance=\"10\" guidetolerance=\"10\" inkscape:pageopacity=\"0\" inkscape:pageshadow=\"2\" inkscape:window-width=\"1680\" inkscape:window-height=\"1005\" id=\"namedview4225\" showgrid=\"false\" inkscape:zoom=\"10.667508\" inkscape:cx=\"19.546267\" inkscape:cy=\"18.793325\" inkscape:window-x=\"0\" inkscape:window-y=\"23\" inkscape:window-maximized=\"1\" inkscape:current-layer=\"svg4211\" inkscape:document-rotation=\"0\"></sodipodi:namedview><defs id=\"defs4213\"><style type=\"text/css\" id=\"style4215\">\n   \n    .fil0 {fill:black}\n   \n  </style></defs><path id=\"foreground\" style=\"fill:#000000;stroke-width:1.68955;opacity:1\" d=\"M 48 0 L 31.8125 16.1875 C 37.94589 17.03823 42.582643 18.882495 41.941406 21.671875 C 40.235198 28.900805 33.992732 36.623549 27.033203 29.574219 C 24.428992 27.014909 23.576868 27.014909 20.972656 29.574219 C 19.125822 31.444883 17.330584 32.268318 15.65625 32.34375 L 0 48 L 48 48 L 48 0 z M 15.65625 32.34375 L 24.478516 23.521484 C 24.333986 23.621002 24.168214 23.693359 23.980469 23.693359 C 23.486567 23.693359 23.126953 23.288822 23.126953 22.794922 C 23.126953 22.301022 23.486567 21.896484 23.980469 21.896484 C 24.474371 21.896484 24.878906 22.301022 24.878906 22.794922 C 24.878906 22.98313 24.806999 23.148232 24.707031 23.292969 L 31.8125 16.1875 C 29.222337 15.828232 26.369853 15.640556 23.527344 15.642578 C 14.248465 15.649578 5.136282 17.605605 6.0644531 21.671875 C 7.3178881 26.98248 11.021096 32.552572 15.65625 32.34375 z M 23.980469 18.125 C 24.474371 18.125 24.878906 18.529537 24.878906 19.023438 C 24.878906 19.517338 24.474371 19.876953 23.980469 19.876953 C 23.486567 19.876953 23.126953 19.517338 23.126953 19.023438 C 23.126953 18.529537 23.486567 18.125 23.980469 18.125 z M 14.636719 22.132812 C 16.843241 22.151013 18.81412 23.456704 19.894531 25.802734 C 16.571916 27.553844 13.114476 26.342096 11.542969 22.929688 C 12.581286 22.382468 13.633754 22.124534 14.636719 22.132812 z M 33.369141 22.132812 C 31.162619 22.151013 29.191739 23.456704 28.111328 25.802734 C 31.433942 27.553844 34.891385 26.342098 36.462891 22.929688 C 35.424574 22.382466 34.372105 22.124813 33.369141 22.132812 z M 23.980469 25.712891 C 23.486567 25.712891 23.126953 26.117418 23.126953 26.611328 C 23.126953 27.105228 23.486567 27.509766 23.980469 27.509766 C 24.474371 27.509766 24.878906 27.105228 24.878906 26.611328 C 24.878906 26.117418 24.474371 25.712891 23.980469 25.712891 z \"></path></svg></span>\n<link rel=\"stylesheet\" href=\"base/test.css\"></mk-icon>",
  "icon__no-svg.html": "<mk-icon mk-theme=\"light\"><style>\n  :host {\n    pointer-events: none;\n    user-select: none;\n  }\n\n  #root > svg #foreground {\n    fill: var(--mkThemeFG) !important;\n  }\n</style>\n<span aria-hidden=\"true\" role=\"presentation\" id=\"root\"></span>\n<link rel=\"stylesheet\" href=\"base/test.css\"></mk-icon>"
}