{
  "type": "element",
  "raw": "<mk-number-input mk-theme=\"light\">Label<gst-fake-shadow><style>\n  :host {\n    --icon-visibility: visibility;\n  }\n\n  #icon {\n    visibility: var(--icon-visibility);\n  }\n\n  #icon.hidden {\n    visibility: hidden;\n  }\n\n  #iconContainer {\n    width: 1rem;\n  }\n\n  #input {\n    border: none;\n    color: var(--mkThemeFG);\n    line-height: 2rem;\n    padding: 0;\n  }\n\n  #input:-webkit-autofill {\n    background-color: transparent !important;\n    color: var(--mkThemeFG) !important;\n  }\n\n  #label {\n    text-align: end;\n  }\n\n  #root {\n    height: 4rem;\n    background-color: var(--mkThemeBG);\n  }\n\n  #inputContainer {\n    height: 2rem;\n  }\n\n  :host([mk-disabled]) {\n    cursor: default;\n    --icon-visibility: hidden;\n  }\n\n  :host(:hover),\n  :host(:focus),\n  #input:hover,\n  #input:focus {\n    outline: none;\n  }\n\ninput::-webkit-outer-spin-button,\ninput::-webkit-inner-spin-button {\n  -webkit-appearance: none;\n  margin: 0;\n}\n</style>\n<label id=\"root\" layout=\"row\" aria-disabled=\"false\" mk-action-1=\"\">\n  <mk-line-layout id=\"label\" mk-theme-context=\"highlight\" mk-body-2=\"\">\n    <slot></slot>\n  <gst-fake-shadow><style>\n  #root {\n    padding: 1rem;\n    text-align: start;\n  }\n</style>\n\n<div id=\"root\" mk-theme=\"\">\n  <slot></slot>\n</div>\n<link rel=\"stylesheet\" href=\"base/test.css\"></gst-fake-shadow></mk-line-layout>\n  <mk-line-layout flex=\"\">\n    <div id=\"inputContainer\" layout=\"row\" flex-align=\"center\">\n      <input flex=\"\" id=\"input\" mk-body-1=\"\" type=\"number\" gst-input-value=\"\">\n      <div id=\"iconContainer\">\n        <mk-icon id=\"icon\" icon=\"mk.numberinput_stepper\" fit-to=\"width\" class=\"\"><gst-fake-shadow><style>\n  :host {\n    pointer-events: none;\n    user-select: none;\n  }\n\n  #root > svg #foreground {\n    fill: var(--mkThemeFG) !important;\n  }\n</style>\n<span aria-hidden=\"true\" role=\"presentation\" id=\"root\"><svg xmlns:dc=\"http://purl.org/dc/elements/1.1/\" xmlns:cc=\"http://creativecommons.org/ns#\" xmlns:rdf=\"http://www.w3.org/1999/02/22-rdf-syntax-ns#\" xmlns:svg=\"http://www.w3.org/2000/svg\" xmlns=\"http://www.w3.org/2000/svg\" xmlns:sodipodi=\"http://sodipodi.sourceforge.net/DTD/sodipodi-0.dtd\" xmlns:inkscape=\"http://www.inkscape.org/namespaces/inkscape\" sodipodi:docname=\"stepper.svg\" inkscape:version=\"1.0 (4035a4f, 2020-05-01)\" id=\"svg2\" viewBox=\"0 0 24 24\" width=\"100%\" version=\"1.1\">\n  <metadata id=\"metadata10\">\n    <rdf:RDF>\n      <cc:Work rdf:about=\"\">\n        <dc:format>image/svg+xml</dc:format>\n        <dc:type rdf:resource=\"http://purl.org/dc/dcmitype/StillImage\"></dc:type>\n        <dc:title></dc:title>\n      </cc:Work>\n    </rdf:RDF>\n  </metadata>\n  <defs id=\"defs8\"></defs>\n  <sodipodi:namedview inkscape:document-rotation=\"0\" inkscape:current-layer=\"svg2\" inkscape:window-maximized=\"0\" inkscape:window-y=\"25\" inkscape:window-x=\"0\" inkscape:cy=\"10.199995\" inkscape:cx=\"-0.73950701\" inkscape:zoom=\"11.313709\" showgrid=\"false\" id=\"namedview6\" inkscape:window-height=\"732\" inkscape:window-width=\"1383\" inkscape:pageshadow=\"2\" inkscape:pageopacity=\"0\" guidetolerance=\"10\" gridtolerance=\"10\" objecttolerance=\"10\" borderopacity=\"1\" bordercolor=\"#666666\" pagecolor=\"#ffffff\"></sodipodi:namedview>\n  <path d=\"M 12 0 L 0 8 L 24 8 L 12 0 z M 0 16 L 12 24 L 24 16 L 0 16 z \" inkscape:transform-center-y=\"-1.3333333\" style=\"fill:#000000;stroke-width:1.02583\" id=\"foreground\"></path>\n</svg></span>\n<link rel=\"stylesheet\" href=\"base/test.css\"></gst-fake-shadow></mk-icon>\n      </div>\n    </div>\n  <gst-fake-shadow><style>\n  #root {\n    padding: 1rem;\n    text-align: start;\n  }\n</style>\n\n<div id=\"root\" mk-theme=\"\">\n  <slot></slot>\n</div>\n<link rel=\"stylesheet\" href=\"base/test.css\"></gst-fake-shadow></mk-line-layout>\n</label>\n<link rel=\"stylesheet\" href=\"base/test.css\"></gst-fake-shadow></mk-number-input>",
  "name": "number-input__show-stepper"
}