{
  "type": "element",
  "raw": "<mk-radio-input mk-theme=\"light\" key=\"key-3\" group=\"test-group\">Label<gst-fake-shadow><style>\n  /* Customize the label (the container) */\n  #container {\n    display: block;\n    position: relative;\n    cursor: pointer;\n    user-select: none;\n  }\n\n  /* Hide the browser's default checkbox */\n  #container input {\n    position: absolute;\n    opacity: 0;\n    cursor: pointer;\n    height: 0;\n    width: 0;\n  }\n\n  :host([disabled]) #container,\n  :host([disabled]:focus) #container,\n  :host([disabled]) #container input,\n  :host([disabled]:focus) #container input {\n    cursor: default;\n  }\n\n  /* Create a custom checkbox */\n  #checkmark {\n    position: absolute;\n  }\n\n  /* Create the checkmark/indicator (hidden when not checked) */\n  #checkmark:after {\n    content: \"\";\n    position: absolute;\n    display: none;\n  }\n\n  /* Show the checkmark when checked */\n  #container input:checked ~ #checkmark:after {\n    display: block;\n  }\n\n  #display_checked,\n  #display_unchecked {\n    display: none;\n  }\n\n  #container.display_checked #display_checked,\n  #container.display_unchecked #display_unchecked {\n    display: block;\n  }\n\n  .iconContainer {\n    height: 2rem;\n  }\n</style>\n\n<label id=\"container\" mk-body-2=\"\" aria-disabled=\"false\" mk-action-1=\"\">\n  <input id=\"input\" type=\"radio\" gst-input-value=\"on\">\n  <mk-list-item-layout>\n    <div class=\"iconContainer\" slot=\"bullet\">\n      <mk-icon id=\"icon\" icon=\"mk.radio_unchecked\"><gst-fake-shadow><style>\n  :host {\n    pointer-events: none;\n    user-select: none;\n  }\n\n  #root > svg #foreground {\n    fill: var(--mkThemeFG) !important;\n  }\n</style>\n<span aria-hidden=\"true\" role=\"presentation\" id=\"root\"><svg xmlns:dc=\"http://purl.org/dc/elements/1.1/\" xmlns:cc=\"http://creativecommons.org/ns#\" xmlns:rdf=\"http://www.w3.org/1999/02/22-rdf-syntax-ns#\" xmlns:svg=\"http://www.w3.org/2000/svg\" xmlns=\"http://www.w3.org/2000/svg\" xmlns:sodipodi=\"http://sodipodi.sourceforge.net/DTD/sodipodi-0.dtd\" xmlns:inkscape=\"http://www.inkscape.org/namespaces/inkscape\" version=\"1.1\" width=\"24\" height=\"24\" viewBox=\"0 0 24 24\" id=\"svg2\" inkscape:version=\"0.91 r13725\" sodipodi:docname=\"checkbox_empty.svg\">\n  <metadata id=\"metadata10\">\n    <rdf:RDF>\n      <cc:Work rdf:about=\"\">\n        <dc:format>image/svg+xml</dc:format>\n        <dc:type rdf:resource=\"http://purl.org/dc/dcmitype/StillImage\"></dc:type>\n        <dc:title></dc:title>\n      </cc:Work>\n    </rdf:RDF>\n  </metadata>\n  <defs id=\"defs8\"></defs>\n  <sodipodi:namedview pagecolor=\"#ffffff\" bordercolor=\"#666666\" borderopacity=\"1\" objecttolerance=\"10\" gridtolerance=\"10\" guidetolerance=\"10\" inkscape:pageopacity=\"0\" inkscape:pageshadow=\"2\" inkscape:window-width=\"1383\" inkscape:window-height=\"732\" id=\"namedview6\" showgrid=\"false\" inkscape:zoom=\"11.313709\" inkscape:cx=\"-0.73950701\" inkscape:cy=\"10.199995\" inkscape:window-x=\"0\" inkscape:window-y=\"0\" inkscape:window-maximized=\"0\" inkscape:current-layer=\"svg2\"></sodipodi:namedview>\n  <path style=\"color:#000000;clip-rule:nonzero;display:inline;overflow:visible;visibility:visible;opacity:1;isolation:auto;mix-blend-mode:normal;color-interpolation:sRGB;color-interpolation-filters:linearRGB;solid-color:#000000;solid-opacity:1;fill:#000000;fill-opacity:1;fill-rule:nonzero;stroke:none;stroke-width:10;stroke-linecap:butt;stroke-linejoin:miter;stroke-miterlimit:4;stroke-dasharray:none;stroke-dashoffset:0;stroke-opacity:1;color-rendering:auto;image-rendering:auto;shape-rendering:auto;text-rendering:auto;enable-background:accumulate\" d=\"M 0,0 0,24 24,24 24,0 0,0 Z M 2,2 22,2 22,22 2,22 2,2 Z\" id=\"foreground\" inkscape:connector-curvature=\"0\"></path>\n</svg></span>\n<link rel=\"stylesheet\" href=\"base/test.css\"></gst-fake-shadow></mk-icon>\n    </div>\n    <p id=\"label\" slot=\"label\">\n      <slot></slot>\n    </p>\n  <gst-fake-shadow><style>\n  #bulletContainer {\n    overflow: hidden;\n    width: 4rem;\n  }\n\n  #contents {\n    overflow: hidden;\n  }\n\n  #label::slotted(*),\n  #details::slotted(*) {\n    padding: 0 1rem;\n  }\n\n  #root {\n    background-color: var(--mkThemeBG);\n    color: var(--mkThemeFG);\n    height: 4rem;\n    text-align: start;\n  }\n</style>\n\n<div id=\"root\" layout=\"row\">\n  <div id=\"bulletContainer\" layout=\"row\" flex-align=\"center\" flex-justify=\"center\">\n    <slot name=\"bullet\"></slot>\n  </div>\n  <div layout=\"column\" id=\"contents\" flex=\"\">\n    <slot id=\"label\" name=\"label\"></slot>\n    <slot id=\"details\" name=\"details\"></slot>\n  </div>\n</div><link rel=\"stylesheet\" href=\"base/test.css\"></gst-fake-shadow></mk-list-item-layout>\n</label>\n<link rel=\"stylesheet\" href=\"base/test.css\"></gst-fake-shadow></mk-radio-input>",
  "name": "radio-input__unchecked"
}