<mk-select-options mk-theme="light"><gst-fake-shadow><div id="container">
  <mk-line-layout mk-action-2="" mk-theme-context="">Option A<gst-fake-shadow><style>
  #root {
    padding: 1rem;
    text-align: start;
  }
</style>

<div id="root" mk-theme="">
  <slot></slot>
</div>
<link rel="stylesheet" href="base/test.css"></gst-fake-shadow></mk-line-layout>

  <mk-line-layout mk-action-2="" mk-theme-context="highlight">Option B<gst-fake-shadow><style>
  #root {
    padding: 1rem;
    text-align: start;
  }
</style>

<div id="root" mk-theme="">
  <slot></slot>
</div>
<link rel="stylesheet" href="base/test.css"></gst-fake-shadow></mk-line-layout>

  <mk-line-layout mk-action-2="" mk-theme-context="">Option C<gst-fake-shadow><style>
  #root {
    padding: 1rem;
    text-align: start;
  }
</style>

<div id="root" mk-theme="">
  <slot></slot>
</div>
<link rel="stylesheet" href="base/test.css"></gst-fake-shadow></mk-line-layout>
</div>

<template id="optionTemplate"></template><link rel="stylesheet" href="base/test.css"></gst-fake-shadow></mk-select-options>