{
  "type": "element",
  "raw": "<mk-select-input mk-theme=\"light\">Label<gst-fake-shadow><label id=\"root\" layout=\"row\" aria-disabled=\"false\" mk-action-1=\"\">\n  <mk-line-layout id=\"label\" mk-theme-context=\"highlight\" mk-body-2=\"\">\n    <slot></slot>\n  <gst-fake-shadow><style>\n  #root {\n    padding: 1rem;\n    text-align: start;\n  }\n</style>\n\n<div id=\"root\" mk-theme=\"\">\n  <slot></slot>\n</div>\n<link rel=\"stylesheet\" href=\"base/test.css\"></gst-fake-shadow></mk-line-layout>\n  <mk-line-layout id=\"value\" flex=\"\"><gst-fake-shadow><style>\n  #root {\n    padding: 1rem;\n    text-align: start;\n  }\n</style>\n\n<div id=\"root\" mk-theme=\"\">\n  <slot></slot>\n</div>\n<link rel=\"stylesheet\" href=\"base/test.css\"></gst-fake-shadow></mk-line-layout>\n</label>\n<template id=\"template\"></template><link rel=\"stylesheet\" href=\"base/test.css\"></gst-fake-shadow></mk-select-input>",
  "name": "select-input__null_value"
}