{
  "type": "element",
  "raw": "<mk-select-options mk-theme=\"light\"><gst-fake-shadow><div id=\"container\">\n  <mk-line-layout mk-action-2=\"\" layout=\"row\" mk-theme-context=\"\">Option A<gst-fake-shadow><style>\n  #root {\n    padding: 1rem;\n    text-align: start;\n  }\n</style>\n\n<div id=\"root\" mk-theme=\"\">\n  <slot></slot>\n</div>\n<link rel=\"stylesheet\" href=\"base/test.css\"></gst-fake-shadow></mk-line-layout>\n\n  <mk-line-layout mk-action-2=\"\" layout=\"row\" mk-theme-context=\"highlight\">Option B<gst-fake-shadow><style>\n  #root {\n    padding: 1rem;\n    text-align: start;\n  }\n</style>\n\n<div id=\"root\" mk-theme=\"\">\n  <slot></slot>\n</div>\n<link rel=\"stylesheet\" href=\"base/test.css\"></gst-fake-shadow></mk-line-layout>\n\n  <mk-line-layout mk-action-2=\"\" layout=\"row\" mk-theme-context=\"\">Option C<gst-fake-shadow><style>\n  #root {\n    padding: 1rem;\n    text-align: start;\n  }\n</style>\n\n<div id=\"root\" mk-theme=\"\">\n  <slot></slot>\n</div>\n<link rel=\"stylesheet\" href=\"base/test.css\"></gst-fake-shadow></mk-line-layout>\n</div>\n\n<template id=\"optionTemplate\"></template><link rel=\"stylesheet\" href=\"base/test.css\"></gst-fake-shadow></mk-select-options>",
  "name": "select-options__select"
}