<mk-select-input mk-theme="light">Label<gst-fake-shadow><label id="root" layout="row" aria-disabled="false" mk-action-1="">
  <mk-line-layout id="label" mk-theme-context="highlight" mk-body-2="">
    <slot></slot>
  <gst-fake-shadow><style>
  #root {
    padding: 1rem;
    text-align: start;
  }
</style>

<div id="root" mk-theme="">
  <slot></slot>
</div>
<link rel="stylesheet" href="base/test.css"></gst-fake-shadow></mk-line-layout>
  <mk-line-layout id="value" flex="">Option 2<gst-fake-shadow><style>
  #root {
    padding: 1rem;
    text-align: start;
  }
</style>

<div id="root" mk-theme="">
  <slot></slot>
</div>
<link rel="stylesheet" href="base/test.css"></gst-fake-shadow></mk-line-layout>
</label>
<template id="template"></template><link rel="stylesheet" href="base/test.css"></gst-fake-shadow></mk-select-input>