<mk-drawer-layout mk-theme="light" mode="horizontal" max-size="123px" expanded=""><style>
  #root {
    background-color: var(--mkThemeBG);
    overflow: hidden;
    position: relative;
    transition: width var(--mkAnimationTime), height var(--mkAnimationTime);
  }
</style>

<div id="root" style="height: 123px; width: 100%;">
  <slot>content</slot>
</div>
<link rel="stylesheet" href="base/test.css"></mk-drawer-layout>