<mk-drawer-layout mode="vertical" max-size="123px"><style>
  #root {
    background-color: var(--mkThemeBG);
    overflow: hidden;
    position: relative;
    transition: width var(--mkAnimationTime), height var(--mkAnimationTime);
  }
</style>

<div id="root" style="height: 100%; width: 0px;">
  <slot>content</slot>
</div>
<link rel="stylesheet" href="base/test.css"></mk-drawer-layout>