<mk-drawer-layout mk-theme="light" mode="horizontal" max-size="123px">content<gst-fake-shadow><style>
  #root {
    background-color: var(--mkThemeBG);
    overflow: hidden;
    position: relative;
    transition: width var(--mkAnimationTime), height var(--mkAnimationTime);
  }
</style>

<div id="root" style="height: 0px; width: 100%;">
  <slot></slot>
</div>
<link rel="stylesheet" href="base/test.css"></gst-fake-shadow></mk-drawer-layout>