{
  "overlay__click-content.html": "<mk-overlay mk-theme=\"light\"><div></div><span></span><gst-fake-shadow><style>\n  #root {\n    position: fixed;\n    top: 0;\n    bottom: 0;\n    left: 0;\n    right: 0;\n  }\n\n  #root.hidden {\n    display: none;\n  }\n\n  #content {\n    position: fixed;\n  }\n</style>\n<div id=\"root\" class=\"\">\n  <div id=\"content\" shadow=\"up\" style=\"left: 0px; top: 0px;\">\n    <slot></slot>\n  </div>\n</div>\n<link rel=\"stylesheet\" href=\"base/test.css\"></gst-fake-shadow></mk-overlay>",
  "overlay__click-root.html": "<mk-overlay mk-theme=\"light\"><gst-fake-shadow><style>\n  #root {\n    position: fixed;\n    top: 0;\n    bottom: 0;\n    left: 0;\n    right: 0;\n  }\n\n  #root.hidden {\n    display: none;\n  }\n\n  #content {\n    position: fixed;\n  }\n</style>\n<div id=\"root\" class=\"hidden\">\n  <div id=\"content\" shadow=\"up\" style=\"\">\n    <slot></slot>\n  </div>\n</div>\n<link rel=\"stylesheet\" href=\"base/test.css\"></gst-fake-shadow></mk-overlay>",
  "overlay__content.html": "<mk-overlay mk-theme=\"light\"><div id=\"testContent\">test content</div><gst-fake-shadow><style>\n  #root {\n    position: fixed;\n    top: 0;\n    bottom: 0;\n    left: 0;\n    right: 0;\n  }\n\n  #root.hidden {\n    display: none;\n  }\n\n  #content {\n    position: fixed;\n  }\n</style>\n<div id=\"root\" class=\"\">\n  <div id=\"content\" shadow=\"up\" style=\"left: 0px; top: 0px;\">\n    <slot></slot>\n  </div>\n</div>\n<link rel=\"stylesheet\" href=\"base/test.css\"></gst-fake-shadow></mk-overlay>",
  "overlay__end-end.html": "<mk-overlay mk-theme=\"light\"><div></div><gst-fake-shadow><style>\n  #root {\n    position: fixed;\n    top: 0;\n    bottom: 0;\n    left: 0;\n    right: 0;\n  }\n\n  #root.hidden {\n    display: none;\n  }\n\n  #content {\n    position: fixed;\n  }\n</style>\n<div id=\"root\" class=\"\">\n  <div id=\"content\" shadow=\"up\" style=\"left: -30px; top: -10px;\">\n    <slot></slot>\n  </div>\n</div>\n<link rel=\"stylesheet\" href=\"base/test.css\"></gst-fake-shadow></mk-overlay>",
  "overlay__middle-middle.html": "<mk-overlay mk-theme=\"light\"><div></div><gst-fake-shadow><style>\n  #root {\n    position: fixed;\n    top: 0;\n    bottom: 0;\n    left: 0;\n    right: 0;\n  }\n\n  #root.hidden {\n    display: none;\n  }\n\n  #content {\n    position: fixed;\n  }\n</style>\n<div id=\"root\" class=\"\">\n  <div id=\"content\" shadow=\"up\" style=\"left: -10px; top: 10px;\">\n    <slot></slot>\n  </div>\n</div>\n<link rel=\"stylesheet\" href=\"base/test.css\"></gst-fake-shadow></mk-overlay>",
  "overlay__show.html": "<mk-overlay mk-theme=\"light\"><div></div><span></span><gst-fake-shadow><style>\n  #root {\n    position: fixed;\n    top: 0;\n    bottom: 0;\n    left: 0;\n    right: 0;\n  }\n\n  #root.hidden {\n    display: none;\n  }\n\n  #content {\n    position: fixed;\n  }\n</style>\n<div id=\"root\" class=\"\">\n  <div id=\"content\" shadow=\"up\" style=\"left: 0px; top: 0px;\">\n    <slot></slot>\n  </div>\n</div>\n<link rel=\"stylesheet\" href=\"base/test.css\"></gst-fake-shadow></mk-overlay>",
  "overlay__start-start.html": "<mk-overlay mk-theme=\"light\"><div></div><gst-fake-shadow><style>\n  #root {\n    position: fixed;\n    top: 0;\n    bottom: 0;\n    left: 0;\n    right: 0;\n  }\n\n  #root.hidden {\n    display: none;\n  }\n\n  #content {\n    position: fixed;\n  }\n</style>\n<div id=\"root\" class=\"\">\n  <div id=\"content\" shadow=\"up\" style=\"left: 10px; top: 30px;\">\n    <slot></slot>\n  </div>\n</div>\n<link rel=\"stylesheet\" href=\"base/test.css\"></gst-fake-shadow></mk-overlay>"
}