<mk-overlay><style>
  #root {
    position: fixed;
    top: 0;
    bottom: 0;
    left: 0;
    right: 0;
  }

  #root.hidden {
    display: none;
  }

  #content {
    position: fixed;
  }
</style>
<div id="root" class="">
  <div id="content" shadow="up" style="left: 10px; top: 30px;"><div></div></div>
</div>
</mk-overlay>