{
  "type": "element",
  "raw": "<div><style>\n  tr > td:first-child {\n    padding-right: 2rem;\n    text-align: end;\n  }\n\n  #col1 {\n    width: 16rem;\n  }\n\n  #col2, #col3, #col4, #col5, #col6, #col7 {\n    width: 12rem;\n  }\n\n  tbody tr {\n    height: 8em;\n  }\n\n  thead th {\n    text-align: center;\n  }\n\n  [mk-action-1].focus {\n    --mkThemeBG: var(--mkThemeFocusBG1);\n    --mkThemeFG: var(--mkThemeFocusFG1);\n  }\n\n  [mk-action-2].focus {\n    --mkThemeBG: var(--mkThemeFocusBG2);\n    --mkThemeFG: var(--mkThemeFocusFG2);\n  }\n\n  [mk-action-1].hover {\n    --mkThemeBG: var(--mkThemeHoverBG1);\n    --mkThemeFG: var(--mkThemeHoverFG1);\n  }\n\n  [mk-action-2].hover {\n    --mkThemeBG: var(--mkThemeHoverBG2);\n    --mkThemeFG: var(--mkThemeHoverFG2);\n  }\n\n  .label {\n    font-size: 1rem;\n  }\n\n  .label.dark,\n  #table.dark .label.light {\n    display: none;\n  }\n\n  #table.dark .label.dark,\n  .label.light {\n    display: block;\n  }\n</style>\n\n<table id=\"table\" mk-theme-level=\"0\">\n  <colgroup>\n    <col id=\"col1\">\n    <col id=\"col2\">\n    <col id=\"col3\">\n    <col id=\"col4\">\n    <col id=\"col5\">\n    <col id=\"col6\">\n    <col id=\"col7\">\n  </colgroup>\n  <thead mk-body-2=\"\">\n    <tr>\n      <th></th>\n      <th colspan=\"2\">Main</th>\n      <th colspan=\"2\">Side</th>\n      <th colspan=\"2\">Highlight</th>\n    </tr>\n  </thead>\n  <tbody>\n    <!-- Passive -->\n    <tr id=\"passiveRow\">\n      <td mk-body-2=\"\">passive</td>\n      <td mk-passive-1=\"\" mk-theme-context=\"main\">\n        <div flex-align=\"center\" layout=\"column\">\n          <h3 flex=\"\" mk-display=\"\">A</h3>\n        </div>\n      </td>\n      <td mk-passive-2=\"\" mk-theme-context=\"main\">\n        <div flex-align=\"center\" layout=\"column\">\n          <h3 flex=\"\" mk-display=\"\">a</h3>\n        </div>\n      </td>\n\n      <td mk-passive-1=\"\" mk-theme-context=\"side\">\n        <div flex-align=\"center\" layout=\"column\">\n          <h3 flex=\"\" mk-display=\"\">A</h3>\n        </div>\n      </td>\n      <td mk-passive-2=\"\" mk-theme-context=\"side\">\n        <div flex-align=\"center\" layout=\"column\">\n          <h3 flex=\"\" mk-display=\"\">a</h3>\n        </div>\n      </td>\n\n      <td mk-passive-1=\"\" mk-theme-context=\"highlight\">\n        <div flex-align=\"center\" layout=\"column\">\n          <h3 flex=\"\" mk-display=\"\">A</h3>\n        </div>\n      </td>\n      <td mk-passive-2=\"\" mk-theme-context=\"highlight\">\n        <div flex-align=\"center\" layout=\"column\">\n          <h3 flex=\"\" mk-display=\"\">a</h3>\n        </div>\n      </td>\n    </tr>\n\n\n    <!-- Action -->\n    <tr id=\"actionRow\">\n      <td mk-body-2=\"\">action</td>\n      <td mk-action-1=\"\" mk-theme-context=\"main\">\n        <div flex-align=\"center\" layout=\"column\">\n          <h3 flex=\"\" mk-display=\"\">A</h3>\n        </div>\n      </td>\n      <td mk-action-2=\"\" mk-theme-context=\"main\">\n        <div flex-align=\"center\" layout=\"column\">\n          <h3 flex=\"\" mk-display=\"\">a</h3>\n        </div>\n      </td>\n\n      <td mk-action-1=\"\" mk-theme-context=\"side\">\n        <div flex-align=\"center\" layout=\"column\">\n          <h3 flex=\"\" mk-display=\"\">A</h3>\n        </div>\n      </td>\n      <td mk-action-2=\"\" mk-theme-context=\"side\">\n        <div flex-align=\"center\" layout=\"column\">\n          <h3 flex=\"\" mk-display=\"\">a</h3>\n        </div>\n      </td>\n\n      <td mk-action-1=\"\" mk-theme-context=\"highlight\">\n        <div flex-align=\"center\" layout=\"column\">\n          <h3 flex=\"\" mk-display=\"\">A</h3>\n        </div>\n      </td>\n      <td mk-action-2=\"\" mk-theme-context=\"highlight\">\n        <div flex-align=\"center\" layout=\"column\">\n          <h3 flex=\"\" mk-display=\"\">a</h3>\n        </div>\n      </td>\n    </tr>\n\n\n    <!-- Focus -->\n    <tr id=\"focusRow\">\n      <td mk-body-2=\"\">action (focus)</td>\n      <td mk-action-1=\"\" class=\"focus\" mk-theme-context=\"main\">\n        <div flex-align=\"center\" layout=\"column\">\n          <h3 flex=\"\" mk-display=\"\">A</h3>\n        </div>\n      </td>\n      <td mk-action-2=\"\" class=\"focus\" mk-theme-context=\"main\">\n        <div flex-align=\"center\" layout=\"column\">\n          <h3 flex=\"\" mk-display=\"\">a</h3>\n        </div>\n      </td>\n\n      <td mk-action-1=\"\" class=\"focus\" mk-theme-context=\"side\">\n        <div flex-align=\"center\" layout=\"column\">\n          <h3 flex=\"\" mk-display=\"\">A</h3>\n        </div>\n      </td>\n      <td mk-action-2=\"\" class=\"focus\" mk-theme-context=\"side\">\n        <div flex-align=\"center\" layout=\"column\">\n          <h3 flex=\"\" mk-display=\"\">a</h3>\n        </div>\n      </td>\n\n      <td mk-action-1=\"\" class=\"focus\" mk-theme-context=\"highlight\">\n        <div flex-align=\"center\" layout=\"column\">\n          <h3 flex=\"\" mk-display=\"\">A</h3>\n        </div>\n      </td>\n      <td mk-action-2=\"\" class=\"focus\" mk-theme-context=\"highlight\">\n        <div flex-align=\"center\" layout=\"column\">\n          <h3 flex=\"\" mk-display=\"\">a</h3>\n        </div>\n      </td>\n    </tr>\n\n\n    <!-- Hover -->\n    <tr id=\"hoverRow\">\n      <td mk-body-2=\"\">action (hover)</td>\n      <td mk-action-1=\"\" class=\"hover\" mk-theme-context=\"main\">\n        <div flex-align=\"center\" layout=\"column\">\n          <h3 flex=\"\" mk-display=\"\">A</h3>\n        </div>\n      </td>\n      <td mk-action-2=\"\" class=\"hover\" mk-theme-context=\"main\">\n        <div flex-align=\"center\" layout=\"column\">\n          <h3 flex=\"\" mk-display=\"\">a</h3>\n        </div>\n      </td>\n\n      <td mk-action-1=\"\" class=\"hover\" mk-theme-context=\"side\">\n        <div flex-align=\"center\" layout=\"column\">\n          <h3 flex=\"\" mk-display=\"\">A</h3>\n        </div>\n      </td>\n      <td mk-action-2=\"\" class=\"hover\" mk-theme-context=\"side\">\n        <div flex-align=\"center\" layout=\"column\">\n          <h3 flex=\"\" mk-display=\"\">a</h3>\n        </div>\n      </td>\n\n      <td mk-action-1=\"\" class=\"hover\" mk-theme-context=\"highlight\">\n        <div flex-align=\"center\" layout=\"column\">\n          <h3 flex=\"\" mk-display=\"\">A</h3>\n        </div>\n      </td>\n      <td mk-action-2=\"\" class=\"hover\" mk-theme-context=\"highlight\">\n        <div flex-align=\"center\" layout=\"column\">\n          <h3 flex=\"\" mk-display=\"\">a</h3>\n        </div>\n      </td>\n    </tr>\n\n\n    <!-- Disabled -->\n    <tr id=\"disabledRow\">\n      <td mk-body-2=\"\">action (disabled)</td>\n      <td mk-action-1=\"\" mk-disabled=\"\" mk-theme-context=\"main\">\n        <div flex-align=\"center\" layout=\"column\">\n          <h3 flex=\"\" mk-display=\"\">A</h3>\n        </div>\n      </td>\n      <td mk-action-2=\"\" mk-disabled=\"\" mk-theme-context=\"main\">\n        <div flex-align=\"center\" layout=\"column\">\n          <h3 flex=\"\" mk-display=\"\">a</h3>\n        </div>\n      </td>\n\n      <td mk-action-1=\"\" mk-disabled=\"\" mk-theme-context=\"side\">\n        <div flex-align=\"center\" layout=\"column\">\n          <h3 flex=\"\" mk-display=\"\">A</h3>\n        </div>\n      </td>\n      <td mk-action-2=\"\" mk-disabled=\"\" mk-theme-context=\"side\">\n        <div flex-align=\"center\" layout=\"column\">\n          <h3 flex=\"\" mk-display=\"\">a</h3>\n        </div>\n      </td>\n\n      <td mk-action-1=\"\" mk-disabled=\"\" mk-theme-context=\"highlight\">\n        <div flex-align=\"center\" layout=\"column\">\n          <h3 flex=\"\" mk-display=\"\">A</h3>\n        </div>\n      </td>\n      <td mk-action-2=\"\" mk-disabled=\"\" mk-theme-context=\"highlight\">\n        <div flex-align=\"center\" layout=\"column\">\n          <h3 flex=\"\" mk-display=\"\">a</h3>\n        </div>\n      </td>\n    </tr>\n  </tbody>\n</table>\n<style>:root { --mkThemeMainPassiveFG1: rgba(15,14,10,1);\n--mkThemeMainPassiveBG1: rgba(250,249,247,1);\n--mkThemeMainActionFG1: rgba(15,14,10,1);\n--mkThemeMainActionBG1: rgba(255,193,1,1);\n--mkThemeMainHoverFG1: rgba(0,19,2,1);\n--mkThemeMainHoverBG1: rgba(0,192,22,1);\n--mkThemeMainFocusFG1: rgba(0,96,11,1);\n--mkThemeMainFocusBG1: rgba(191,239,197,1);\n--mkThemeMainDisabledFG1: rgba(15,14,10,0.35);\n--mkThemeMainDisabledBG1: rgba(250,249,247,1);\n--mkThemeMainPassiveFG2: rgba(15,14,10,0.65);\n--mkThemeMainPassiveBG2: rgba(250,249,247,1);\n--mkThemeMainActionFG2: rgba(128,97,1,1);\n--mkThemeMainActionBG2: rgba(250,249,247,1);\n--mkThemeMainHoverFG2: rgba(0,19,2,0.65);\n--mkThemeMainHoverBG2: rgba(0,192,22,1);\n--mkThemeMainFocusFG2: rgba(0,96,11,0.65);\n--mkThemeMainFocusBG2: rgba(191,239,197,1);\n--mkThemeMainDisabledFG2: rgba(15,14,10,0.35);\n--mkThemeMainDisabledBG2: rgba(250,249,247,1);\n--mkThemeSidePassiveFG1: rgba(15,14,10,1);\n--mkThemeSidePassiveBG1: rgba(235,232,225,1);\n--mkThemeSideActionFG1: rgba(15,14,10,1);\n--mkThemeSideActionBG1: rgba(255,193,1,1);\n--mkThemeSideHoverFG1: rgba(0,19,2,1);\n--mkThemeSideHoverBG1: rgba(0,192,22,1);\n--mkThemeSideFocusFG1: rgba(0,96,11,1);\n--mkThemeSideFocusBG1: rgba(191,239,197,1);\n--mkThemeSideDisabledFG1: rgba(15,14,10,0.35);\n--mkThemeSideDisabledBG1: rgba(235,232,225,1);\n--mkThemeSidePassiveFG2: rgba(15,14,10,0.65);\n--mkThemeSidePassiveBG2: rgba(235,232,225,1);\n--mkThemeSideActionFG2: rgba(128,97,1,1);\n--mkThemeSideActionBG2: rgba(235,232,225,1);\n--mkThemeSideHoverFG2: rgba(0,19,2,0.65);\n--mkThemeSideHoverBG2: rgba(0,192,22,1);\n--mkThemeSideFocusFG2: rgba(0,96,11,0.65);\n--mkThemeSideFocusBG2: rgba(191,239,197,1);\n--mkThemeSideDisabledFG2: rgba(15,14,10,0.35);\n--mkThemeSideDisabledBG2: rgba(235,232,225,1);\n--mkThemeHighlightPassiveFG1: rgba(15,14,10,1);\n--mkThemeHighlightPassiveBG1: rgba(255,240,192,1);\n--mkThemeHighlightActionFG1: rgba(15,14,10,1);\n--mkThemeHighlightActionBG1: rgba(255,193,1,1);\n--mkThemeHighlightHoverFG1: rgba(0,19,2,1);\n--mkThemeHighlightHoverBG1: rgba(0,192,22,1);\n--mkThemeHighlightFocusFG1: rgba(0,96,11,1);\n--mkThemeHighlightFocusBG1: rgba(191,239,197,1);\n--mkThemeHighlightDisabledFG1: rgba(15,14,10,0.35);\n--mkThemeHighlightDisabledBG1: rgba(255,240,192,1);\n--mkThemeHighlightPassiveFG2: rgba(15,14,10,0.65);\n--mkThemeHighlightPassiveBG2: rgba(255,240,192,1);\n--mkThemeHighlightActionFG2: rgba(128,97,1,1);\n--mkThemeHighlightActionBG2: rgba(255,240,192,1);\n--mkThemeHighlightHoverFG2: rgba(0,19,2,0.65);\n--mkThemeHighlightHoverBG2: rgba(0,192,22,1);\n--mkThemeHighlightFocusFG2: rgba(0,96,11,0.65);\n--mkThemeHighlightFocusBG2: rgba(191,239,197,1);\n--mkThemeHighlightDisabledFG2: rgba(15,14,10,0.35);\n--mkThemeHighlightDisabledBG2: rgba(255,240,192,1); }\n\n[mk-theme-context=\"main\"] { --mkThemePassiveFG1: var(--mkThemeMainPassiveFG1);\n--mkThemePassiveBG1: var(--mkThemeMainPassiveBG1);\n--mkThemeActionFG1: var(--mkThemeMainActionFG1);\n--mkThemeActionBG1: var(--mkThemeMainActionBG1);\n--mkThemeHoverFG1: var(--mkThemeMainHoverFG1);\n--mkThemeHoverBG1: var(--mkThemeMainHoverBG1);\n--mkThemeFocusFG1: var(--mkThemeMainFocusFG1);\n--mkThemeFocusBG1: var(--mkThemeMainFocusBG1);\n--mkThemeDisabledFG1: var(--mkThemeMainDisabledFG1);\n--mkThemeDisabledBG1: var(--mkThemeMainDisabledBG1);\n--mkThemePassiveFG2: var(--mkThemeMainPassiveFG2);\n--mkThemePassiveBG2: var(--mkThemeMainPassiveBG2);\n--mkThemeActionFG2: var(--mkThemeMainActionFG2);\n--mkThemeActionBG2: var(--mkThemeMainActionBG2);\n--mkThemeHoverFG2: var(--mkThemeMainHoverFG2);\n--mkThemeHoverBG2: var(--mkThemeMainHoverBG2);\n--mkThemeFocusFG2: var(--mkThemeMainFocusFG2);\n--mkThemeFocusBG2: var(--mkThemeMainFocusBG2);\n--mkThemeDisabledFG2: var(--mkThemeMainDisabledFG2);\n--mkThemeDisabledBG2: var(--mkThemeMainDisabledBG2); }\n\n[mk-theme-context=\"side\"] { --mkThemePassiveFG1: var(--mkThemeSidePassiveFG1);\n--mkThemePassiveBG1: var(--mkThemeSidePassiveBG1);\n--mkThemeActionFG1: var(--mkThemeSideActionFG1);\n--mkThemeActionBG1: var(--mkThemeSideActionBG1);\n--mkThemeHoverFG1: var(--mkThemeSideHoverFG1);\n--mkThemeHoverBG1: var(--mkThemeSideHoverBG1);\n--mkThemeFocusFG1: var(--mkThemeSideFocusFG1);\n--mkThemeFocusBG1: var(--mkThemeSideFocusBG1);\n--mkThemeDisabledFG1: var(--mkThemeSideDisabledFG1);\n--mkThemeDisabledBG1: var(--mkThemeSideDisabledBG1);\n--mkThemePassiveFG2: var(--mkThemeSidePassiveFG2);\n--mkThemePassiveBG2: var(--mkThemeSidePassiveBG2);\n--mkThemeActionFG2: var(--mkThemeSideActionFG2);\n--mkThemeActionBG2: var(--mkThemeSideActionBG2);\n--mkThemeHoverFG2: var(--mkThemeSideHoverFG2);\n--mkThemeHoverBG2: var(--mkThemeSideHoverBG2);\n--mkThemeFocusFG2: var(--mkThemeSideFocusFG2);\n--mkThemeFocusBG2: var(--mkThemeSideFocusBG2);\n--mkThemeDisabledFG2: var(--mkThemeSideDisabledFG2);\n--mkThemeDisabledBG2: var(--mkThemeSideDisabledBG2); }\n\n[mk-theme-context=\"highlight\"] { --mkThemePassiveFG1: var(--mkThemeHighlightPassiveFG1);\n--mkThemePassiveBG1: var(--mkThemeHighlightPassiveBG1);\n--mkThemeActionFG1: var(--mkThemeHighlightActionFG1);\n--mkThemeActionBG1: var(--mkThemeHighlightActionBG1);\n--mkThemeHoverFG1: var(--mkThemeHighlightHoverFG1);\n--mkThemeHoverBG1: var(--mkThemeHighlightHoverBG1);\n--mkThemeFocusFG1: var(--mkThemeHighlightFocusFG1);\n--mkThemeFocusBG1: var(--mkThemeHighlightFocusBG1);\n--mkThemeDisabledFG1: var(--mkThemeHighlightDisabledFG1);\n--mkThemeDisabledBG1: var(--mkThemeHighlightDisabledBG1);\n--mkThemePassiveFG2: var(--mkThemeHighlightPassiveFG2);\n--mkThemePassiveBG2: var(--mkThemeHighlightPassiveBG2);\n--mkThemeActionFG2: var(--mkThemeHighlightActionFG2);\n--mkThemeActionBG2: var(--mkThemeHighlightActionBG2);\n--mkThemeHoverFG2: var(--mkThemeHighlightHoverFG2);\n--mkThemeHoverBG2: var(--mkThemeHighlightHoverBG2);\n--mkThemeFocusFG2: var(--mkThemeHighlightFocusFG2);\n--mkThemeFocusBG2: var(--mkThemeHighlightFocusBG2);\n--mkThemeDisabledFG2: var(--mkThemeHighlightDisabledFG2);\n--mkThemeDisabledBG2: var(--mkThemeHighlightDisabledBG2); }\n/***********\n * Variables\n ***********/\n * {\n  --mkFontFamilyHeader: 'Montserrat', cursive;\n  --mkFontFamilyNormal: 'Lato', sans-serif;\n  --mkFontFamilyMono: 'Ubuntu Mono', monospace;\n\n  --mkFontWeightNormal: 400;\n  --mkFontWeightBold: 700;\n  --mkLineHeight: 2rem;\n\n  --mkSizePadding: 1rem;\n\n  --mkAnimationTime: .15s;\n\n  --mkGridColumn: 4rem;\n  --mkGridGap: 1rem;\n}\n\n/*****************\n * Theme variables\n *****************/\n[mk-passive-1],\n[mk-theme-context],\n:root {\n  --mkThemeBG: var(--mkThemePassiveBG1);\n  --mkThemeFG: var(--mkThemePassiveFG1);\n}\n\n[mk-passive-2] {\n  --mkThemeBG: var(--mkThemePassiveBG2);\n  --mkThemeFG: var(--mkThemePassiveFG2);\n}\n\n[mk-action-1] {\n  --mkThemeBG: var(--mkThemeActionBG1);\n  --mkThemeFG: var(--mkThemeActionFG1);\n}\n\n[mk-action-2] {\n  --mkThemeBG: var(--mkThemeActionBG2);\n  --mkThemeFG: var(--mkThemeActionFG2);\n}\n\na {\n  --mkThemeBG: var(--mkThemeActionBG2);\n  --mkThemeFG: var(--mkThemeActionFG2);\n}\n\n[mk-action-1]:focus-within {\n  --mkThemeBG: var(--mkThemeFocusBG1);\n  --mkThemeFG: var(--mkThemeFocusFG1);\n}\n\n[mk-action-2]:focus-within {\n  --mkThemeBG: var(--mkThemeFocusBG2);\n  --mkThemeFG: var(--mkThemeFocusFG2);\n}\n\na:focus-within {\n  --mkThemeBG: var(--mkThemeFocusBG2);\n  --mkThemeFG: var(--mkThemeFocusFG2);\n}\n\n[mk-action-1]:hover {\n  --mkThemeBG: var(--mkThemeHoverBG1);\n  --mkThemeFG: var(--mkThemeHoverFG1);\n}\n\n[mk-action-2]:hover {\n  --mkThemeBG: var(--mkThemeHoverBG2);\n  --mkThemeFG: var(--mkThemeHoverFG2);\n}\n\na:hover {\n  --mkThemeBG: var(--mkThemeHoverBG2);\n  --mkThemeFG: var(--mkThemeHoverFG2);\n}\n\n[mk-action-1][mk-disabled] {\n  --mkThemeBG: var(--mkThemeDisabledBG1);\n  --mkThemeFG: var(--mkThemeDisabledFG1);\n}\n\n[mk-action-2][mk-disabled] {\n  --mkThemeBG: var(--mkThemeDisabledBG2);\n  --mkThemeFG: var(--mkThemeDisabledFG2);\n}\n\n/****************\n * Applied themes\n ****************/\n[mk-action-1], [mk-action-2],\n[mk-passive-1], [mk-passive-2],\n[mk-body-1], [mk-body-2],\n[mk-theme-context],\n[mk-theme],\na {\n  background: var(--mkThemeBG);\n  color: var(--mkThemeFG);\n}\n\n/*************\n * Applied CSS\n *************/\n\nhtml, button, input {\n  font-family: var(--mkFontFamilyNormal);\n}\n\nhtml {\n  font-size: 75%;\n}\n\nbody {\n  margin: 0;\n}\n\n[mk-body-1],\n[mk-body-2],\na,\nbutton,\ncode,\npre,\nkbd {\n  font-size: 1.25rem;\n  line-height: 2rem;\n}\n\n[mk-body-2] {\n  font-weight: 700;\n}\n\n[mk-action-1],\n[mk-action-2],\na {\n  font-weight: var(--mkFontWeightBold);\n  text-decoration: none;\n}\n\na > code {\n  color: var(--mkThemeActionFG1);\n}\n\na:hover, a:focus {\n  cursor: pointer;\n  text-decoration: underline;\n}\n\na:hover > code,\na:focus > code {\n  color: var(--mkThemeActionFocusFG1);\n}\n\na:focus {\n  outline: none;\n}\n\nh1 {\n  font-size: 5rem;\n  font-weight: 300;\n  line-height: 8rem;\n}\n\nh2 {\n  font-size: 4rem;\n  font-weight: 400;\n  line-height: 8rem;\n}\n\nh3 {\n  font-size: 3rem;\n  font-weight: 400;\n  line-height: 8rem;\n}\n\nh4 {\n  font-size: 2rem;\n  font-weight: 400;\n  line-height: 4rem;\n}\n\nh5 {\n  font-size: 1.75rem;\n  font-weight: 500;\n  line-height: 4rem;\n}\n\nh6 {\n  font-size: 1.5rem;\n  font-weight: 700;\n  line-height: 4rem;\n}\n\nh1, h2, h3, h4, h5, h6 {\n  color: var(--mkThemeFG);\n  font-family: var(--mkFontFamilyHeader);\n  margin: 0;\n}\n\nhr {\n  margin-block-start: 2rem;\n  margin-block-end: 2rem;\n  border-style: solid;\n  border-bottom-color: var(--mkThemeActionDisabledFG2);\n  border-top: none;\n  border-left: none;\n  border-right: none;\n}\n\ncaption, code, figcaption, pre, kbd {\n  color: var(--mkThemeFG);\n  font-family: var(--mkFontFamilyMono);\n}\n\ncaption, figcaption {\n  font-size: 1rem;\n}\n\nfigure {\n  margin-inline-start: 4rem;\n  margin-inline-end: 4rem;\n}\n\npre {\n  padding: 1rem;\n}\n\n/* fieldset {\n  border: 2px solid var(--mkThemeActionFG1);\n  padding: 1rem 1rem 2rem 1rem;\n}\n\nfieldset:hover, fieldset:focus {\n  border-color: var(--mkThemeActionFocusFG1);\n} */\n\ninput {\n  background-color: var(--mkThemeBG);\n}\n\ninput:-webkit-autofill,\ninput:-webkit-autofill:hover,\ninput:-webkit-autofill:focus,\ntextarea:-webkit-autofill,\ntextarea:-webkit-autofill:hover,\ntextarea:-webkit-autofill:focus,\nselect:-webkit-autofill,\nselect:-webkit-autofill:hover,\nselect:-webkit-autofill:focus {\n  -webkit-text-fill-color: var(--mkThemeFG);\n  transition: background-color 5000s ease-in-out 0s;\n}\n\nlabel {\n  color: var(--mkThemeFG);\n  font-size: 1.25rem;\n  line-height: 2rem;\n}\n\n/* legend {\n  color: var(--mkThemeActionFG1);\n} */\n\n/* fieldset:hover > legend, fieldset:focus > legend {\n  color: var(--mkThemeActionFocusFG1);\n} */\n\np, pre {\n  margin-block-start: 1rem;\n  margin-block-end: 1rem;\n}\n\n/* Table styling */\ntable {\n  border-collapse: collapse;\n  color: var(--mkThemeFG);\n  font-size: var(--gsFontSizeRoot);\n  table-layout: fixed;\n}\n\ntable tr:nth-child(2n) {\n  background-color: var(--mkThemeBG);\n}\n\nth {\n  font-size: 1.5rem;\n  font-weight: 700;\n  text-align: start;\n}\n\ntd, th {\n  border: 1px solid var(--mkThemeFG);\n  padding: 1rem;\n}\n\ntr:first-child th {\n  border-top: none;\n}\n\nth:first-child,\ntd:first-child {\n  border-left: none;\n}\n\nth:last-child,\ntd:last-child {\n  border-right: none;\n}\n\ntr:last-child th,\ntr:last-child td {\n  border-bottom: none;\n}\n\ndl {\n  display: grid;\n  grid-template-columns: auto 1fr;\n  margin-block-start: 1rem;\n  margin-block-end: 1rem;\n}\n\ndt, dd {\n  padding: 1rem;\n}\n\ndt > p,\ndd > p {\n  margin: 0;\n}\n\ndd {\n  margin-inline-start: 0;\n}\n\ndt {\n  font-weight: var(--mkFontWeightBold);\n}\n\n/* Layouts */\n[layout=\"grid\"] {\n  display: grid;\n  grid-column-gap: 1rem;\n  grid-auto-rows: 4rem;\n}\n\n[layout=\"row\"] {\n  display: flex;\n  flex-direction: row;\n}\n\n[layout=\"column\"] {\n  display: flex;\n  flex-direction: column;\n}\n\n[flex] {\n  flex: 1;\n}\n\n[flex-wrap] {\n  flex-wrap: wrap;\n}\n\n[flex-justify=\"flex-start\"] {\n  justify-content: flex-start;\n}\n\n[flex-justify=\"flex-end\"] {\n  justify-content: flex-end;\n}\n\n[flex-justify=\"center\"] {\n  justify-content: center;\n}\n\n[flex-justify=\"space-between\"] {\n  justify-content: space-between;\n}\n\n[flex-justify=\"space-around\"] {\n  justify-content: space-around;\n}\n\n[flex-align=\"flex-start\"] {\n  align-items: flex-start;\n}\n\n[flex-align=\"flex-end\"] {\n  align-items: flex-end;\n}\n\n[flex-align=\"center\"] {\n  align-items: center;\n}\n\n[flex-align=\"stretch\"] {\n  align-items: stretch;\n}\n\n[flex-align=\"baseline\"] {\n  align-items: baseline;\n}\n\n[fill-parent] {\n  height: 100%;\n  width: 100%;\n}\n\n[shadow=\"up\"] {\n  box-shadow: 0 1px 8px 0 rgba(0,0,0,.2),\n      0 3px 4px 0 rgba(0,0,0,.14),\n      0 3px 3px -2px rgba(0,0,0,.12);\n}\n[shadow=\"down\"] {\n  position: relative;\n}\n[shadow=\"down\"]::before {\n  content: '';\n\n  position: absolute;\n  left: 0px;\n  top: 0px;\n  right: 0px;\n  bottom: 0px;\n\n  box-shadow: inset 4px 1px 8px 0 rgba(0,0,0,.2),\n      inset 0 3px 4px 0 rgba(0,0,0,.14),\n      inset 1.5px 3px 3px -2px rgba(0,0,0,.12);\n  pointer-events: none;\n}\n</style></div>",
  "name": "theme__light"
}