<div><style>
  tr > td:first-child {
    padding-right: 2rem;
    text-align: end;
  }

  #col1 {
    width: 16rem;
  }

  #col2, #col3, #col4, #col5 {
    width: 12rem;
  }

  tbody tr {
    height: 8em;
  }

  thead th {
    text-align: center;
  }

  .action-1 {
    --mkThemeFG: var(--mkThemeActionFG1B);
    --mkThemeBG: var(--mkThemeActionBG1B);
  }

  .action-2 {
    --mkThemeFG: var(--mkThemeActionFG2B);
    --mkThemeBG: var(--mkThemeActionBG2B);
  }

  .action-1h {
    --mkThemeFG: var(--mkThemeActionFG1H);
    --mkThemeBG: var(--mkThemeActionBG1H);
  }

  .action-2h {
    --mkThemeFG: var(--mkThemeActionFG2H);
    --mkThemeBG: var(--mkThemeActionBG2H);
  }

  .focus-1 {
    --mkThemeFG: var(--mkThemeFocusFG1B);
    --mkThemeBG: var(--mkThemeFocusBG1B);
  }

  .focus-2 {
    --mkThemeFG: var(--mkThemeFocusFG2B);
    --mkThemeBG: var(--mkThemeFocusBG2B);
  }

  .focus-1h {
    --mkThemeFG: var(--mkThemeFocusFG1H);
    --mkThemeBG: var(--mkThemeFocusBG1H);
  }

  .focus-2h {
    --mkThemeFG: var(--mkThemeFocusFG2H);
    --mkThemeBG: var(--mkThemeFocusBG2H);
  }

  .hover-1 {
    --mkThemeFG: var(--mkThemeHoverFG1B);
    --mkThemeBG: var(--mkThemeHoverBG1B);
  }

  .hover-2 {
    --mkThemeFG: var(--mkThemeHoverFG2B);
    --mkThemeBG: var(--mkThemeHoverBG2B);
  }

  .hover-1h {
    --mkThemeFG: var(--mkThemeHoverFG1H);
    --mkThemeBG: var(--mkThemeHoverBG1H);
  }

  .hover-2h {
    --mkThemeFG: var(--mkThemeHoverFG2H);
    --mkThemeBG: var(--mkThemeHoverBG2H);
  }

  .disabled-1 {
    --mkThemeFG: var(--mkThemeDisabledFG1B);
    --mkThemeBG: var(--mkThemeDisabledBG1B);
  }

  .disabled-2 {
    --mkThemeFG: var(--mkThemeDisabledFG2B);
    --mkThemeBG: var(--mkThemeDisabledBG2B);
  }

  .disabled-1h {
    --mkThemeFG: var(--mkThemeDisabledFG1H);
    --mkThemeBG: var(--mkThemeDisabledBG1H);
  }

  .disabled-2h {
    --mkThemeFG: var(--mkThemeDisabledFG2H);
    --mkThemeBG: var(--mkThemeDisabledBG2H);
  }

  .action-1, .action-2,
  .action-1h, .action-2h,
  .focus-1, .focus-2,
  .focus-1h, .focus-2h,
  .hover-1, .hover-2,
  .hover-1h, .hover-2h,
  .disabled-1, .disabled-2,
  .disabled-1h, .disabled-2h {
    background-color: var(--mkThemeBG);
    color: var(--mkThemeFG);
  }

  .label {
    font-size: 1rem;
  }

  .label.dark,
  #table.dark .label.light {
    display: none;
  }

  #table.dark .label.dark,
  .label.light {
    display: block;
  }
</style>

<table id="table" mk-theme="dark">
  <colgroup>
    <col id="col1">
    <col id="col2">
    <col id="col3">
    <col id="col4">
    <col id="col5">
  </colgroup>
  <thead mk-body-2="">
    <tr>
      <th></th>
      <th colspan="2">normal</th>
      <th colspan="2">highlight</th>
    </tr>
  </thead>
  <tbody>
    <!-- Passive -->
    <tr>
      <td mk-body-2="">passive</td>
      <td mk-passive-1="">
        <div flex-align="center" layout="column">
          <h3 flex="" mk-display="">A</h3>
          <code class="label light">B010-G200</code>
          <code class="label dark">G200-G050</code>
        </div>
      </td>
      <td mk-passive-2="">
        <div flex-align="center" layout="column">
          <h3 flex="" mk-display="">a</h3>
          <code class="label light">B010ml-G200</code>
          <code class="label dark">G200mh-G050</code>
        </div>
      </td>


      <td mk-passive-1="" mk-theme-highlight="">
        <div flex-align="center" layout="column">
          <h3 flex="" mk-display="">A</h3>
          <code class="label light">B010-B175</code>
          <code class="label dark">G200-B050</code>
        </div>
      </td>
      <td mk-passive-2="" mk-theme-highlight="">
        <div flex-align="center" layout="column">
          <h3 flex="" mk-display="">a</h3>
          <code class="label light">B010ml-B175</code>
          <code class="label dark">G200mh-B050</code>
        </div>
      </td>
    </tr>


    <!-- Action -->
    <tr>
      <td mk-body-2="">action</td>
      <td class="action-1">
        <div flex-align="center" layout="column">
          <h3 flex="" mk-display="">A</h3>
          <code class="label light">Bk-B100</code>
          <code class="label dark">Bk-B100</code>
        </div>
      </td>
      <td class="action-2">
        <div flex-align="center" layout="column">
          <h3 flex="" mk-display="">a</h3>
          <code class="label light">B050-G200</code>
          <code class="label dark">B175-G050</code>
        </div>
      </td>


      <td class="action-1h">
        <div flex-align="center" layout="column">
          <h3 flex="" mk-display="">A</h3>
          <code class="label light">Bk-B100</code>
          <code class="label dark">Bk-B100</code>
        </div>
      </td>
      <td class="action-2h">
        <div flex-align="center" layout="column">
          <h3 flex="" mk-display="">a</h3>
          <code class="label light">B050-B175</code>
          <code class="label dark">B175-B050</code>
        </div>
      </td>
    </tr>


    <!-- Focus -->
    <tr>
      <td mk-body-2="">action (focus)</td>
      <td class="focus-1">
        <div flex-align="center" layout="column">
          <h3 flex="" mk-display="">A</h3>
          <code class="label light">A050-A175</code>
          <code class="label dark">A050-A175</code>
        </div>
      </td>
      <td class="focus-2">
        <div flex-align="center" layout="column">
          <h3 flex="" mk-display="">a</h3>
          <code class="label light">A050ml-A175</code>
          <code class="label dark">A050ml-A175</code>
        </div>
      </td>


      <td class="focus-1h">
        <div flex-align="center" layout="column">
          <h3 flex="" mk-display="">A</h3>
          <code class="label light">A050-A175</code>
          <code class="label dark">A050-A175</code>
        </div>
      </td>
      <td class="focus-2h">
        <div flex-align="center" layout="column">
          <h3 flex="" mk-display="">a</h3>
          <code class="label light">A050ml-A175</code>
          <code class="label dark">A050ml-A175</code>
        </div>
      </td>
    </tr>


    <!-- Hover -->
    <tr>
      <td mk-body-2="">action (hover)</td>
      <td class="hover-1">
        <div flex-align="center" layout="column">
          <h3 flex="" mk-display="">A</h3>
          <code class="label light">Ak-A100</code>
          <code class="label dark">Ak-A100</code>
        </div>
      </td>
      <td class="hover-2">
        <div flex-align="center" layout="column">
          <h3 flex="" mk-display="">a</h3>
          <code class="label light">Ac-A100</code>
          <code class="label dark">Ac-A100</code>
        </div>
      </td>


      <td class="hover-1h">
        <div flex-align="center" layout="column">
          <h3 flex="" mk-display="">A</h3>
          <code class="label light">Ak-A100</code>
          <code class="label dark">Ak-A100</code>
        </div>
      </td>
      <td class="hover-2h">
        <div flex-align="center" layout="column">
          <h3 flex="" mk-display="">a</h3>
          <code class="label light">Ac-A100</code>
          <code class="label dark">Ac-A100</code>
        </div>
      </td>
    </tr>


    <!-- Disabled -->
    <tr>
      <td mk-body-2="">action (disabled)</td>
      <td class="disabled-1">
        <div flex-align="center" layout="column">
          <h3 flex="" mk-display="">A</h3>
          <code class="label light">B010vl-G200</code>
          <code class="label dark">G200lo-G050</code>
        </div>
      </td>
      <td class="disabled-2">
        <div flex-align="center" layout="column">
          <h3 flex="" mk-display="">a</h3>
          <code class="label light">B010vl-G200</code>
          <code class="label dark">G200lo-G050</code>
        </div>
      </td>


      <td class="disabled-1h">
        <div flex-align="center" layout="column">
          <h3 flex="" mk-display="">A</h3>
          <code class="label light">B010vl-B175</code>
          <code class="label dark">G200lo-B050</code>
        </div>
      </td>
      <td class="disabled-2h">
        <div flex-align="center" layout="column">
          <h3 flex="" mk-display="">a</h3>
          <code class="label light">B010vl-B175</code>
          <code class="label dark">G200lo-B050</code>
        </div>
      </td>
    </tr>
  </tbody>
</table>

<style>[mk-theme="light"] { --mkThemePassiveFG1B: rgba(26,19,0,1);
--mkThemePassiveBG1B: rgba(255,255,255,1);
--mkThemeActionFG1B: rgba(26,19,0,1);
--mkThemeActionBG1B: rgba(255,193,1,1);
--mkThemeFocusFG1B: rgba(0,96,11,1);
--mkThemeFocusBG1B: rgba(191,239,197,1);
--mkThemeHoverFG1B: rgba(0,19,2,1);
--mkThemeHoverBG1B: rgba(0,192,22,1);
--mkThemeDisabledFG1B: rgba(26,19,0,0.35);
--mkThemeDisabledBG1B: rgba(255,255,255,1);
--mkThemePassiveFG2B: rgba(26,19,0,0.65);
--mkThemePassiveBG2B: rgba(255,255,255,1);
--mkThemeActionFG2B: rgba(128,97,1,1);
--mkThemeActionBG2B: rgba(255,255,255,1);
--mkThemeFocusFG2B: rgba(0,96,11,0.65);
--mkThemeFocusBG2B: rgba(191,239,197,1);
--mkThemeHoverFG2B: rgba(0,19,2,0.65);
--mkThemeHoverBG2B: rgba(0,192,22,1);
--mkThemeDisabledFG2B: rgba(26,19,0,0.35);
--mkThemeDisabledBG2B: rgba(255,255,255,1);
--mkThemePassiveFG1H: rgba(26,19,0,1);
--mkThemePassiveBG1H: rgba(255,240,192,1);
--mkThemeActionFG1H: rgba(26,19,0,1);
--mkThemeActionBG1H: rgba(255,193,1,1);
--mkThemeFocusFG1H: rgba(0,96,11,1);
--mkThemeFocusBG1H: rgba(191,239,197,1);
--mkThemeHoverFG1H: rgba(0,19,2,1);
--mkThemeHoverBG1H: rgba(0,192,22,1);
--mkThemeDisabledFG1H: rgba(26,19,0,0.35);
--mkThemeDisabledBG1H: rgba(255,240,192,1);
--mkThemePassiveFG2H: rgba(26,19,0,0.65);
--mkThemePassiveBG2H: rgba(255,240,192,1);
--mkThemeActionFG2H: rgba(128,97,1,1);
--mkThemeActionBG2H: rgba(255,240,192,1);
--mkThemeFocusFG2H: rgba(0,96,11,0.65);
--mkThemeFocusBG2H: rgba(191,239,197,1);
--mkThemeHoverFG2H: rgba(0,19,2,0.65);
--mkThemeHoverBG2H: rgba(0,192,22,1);
--mkThemeDisabledFG2H: rgba(26,19,0,0.35);
--mkThemeDisabledBG2H: rgba(255,240,192,1); }

[mk-theme="dark"] { --mkThemePassiveFG1B: rgba(255,255,255,1);
--mkThemePassiveBG1B: rgba(38,43,46,1);
--mkThemeActionFG1B: rgba(26,19,0,1);
--mkThemeActionBG1B: rgba(255,193,1,1);
--mkThemeFocusFG1B: rgba(0,96,11,1);
--mkThemeFocusBG1B: rgba(191,239,197,1);
--mkThemeHoverFG1B: rgba(0,19,2,1);
--mkThemeHoverBG1B: rgba(0,192,22,1);
--mkThemeDisabledFG1B: rgba(255,255,255,0.45);
--mkThemeDisabledBG1B: rgba(38,43,46,1);
--mkThemePassiveFG2B: rgba(255,255,255,0.75);
--mkThemePassiveBG2B: rgba(38,43,46,1);
--mkThemeActionFG2B: rgba(255,240,192,1);
--mkThemeActionBG2B: rgba(38,43,46,1);
--mkThemeFocusFG2B: rgba(0,96,11,0.65);
--mkThemeFocusBG2B: rgba(191,239,197,1);
--mkThemeHoverFG2B: rgba(0,19,2,0.65);
--mkThemeHoverBG2B: rgba(0,192,22,1);
--mkThemeDisabledFG2B: rgba(255,255,255,0.45);
--mkThemeDisabledBG2B: rgba(38,43,46,1);
--mkThemePassiveFG1H: rgba(255,255,255,1);
--mkThemePassiveBG1H: rgba(128,97,1,1);
--mkThemeActionFG1H: rgba(26,19,0,1);
--mkThemeActionBG1H: rgba(255,193,1,1);
--mkThemeFocusFG1H: rgba(0,96,11,1);
--mkThemeFocusBG1H: rgba(191,239,197,1);
--mkThemeHoverFG1H: rgba(0,19,2,1);
--mkThemeHoverBG1H: rgba(0,192,22,1);
--mkThemeDisabledFG1H: rgba(255,255,255,0.45);
--mkThemeDisabledBG1H: rgba(128,97,1,1);
--mkThemePassiveFG2H: rgba(255,255,255,0.75);
--mkThemePassiveBG2H: rgba(128,97,1,1);
--mkThemeActionFG2H: rgba(255,240,192,1);
--mkThemeActionBG2H: rgba(128,97,1,1);
--mkThemeFocusFG2H: rgba(0,96,11,0.65);
--mkThemeFocusBG2H: rgba(191,239,197,1);
--mkThemeHoverFG2H: rgba(0,19,2,0.65);
--mkThemeHoverBG2H: rgba(0,192,22,1);
--mkThemeDisabledFG2H: rgba(255,255,255,0.45);
--mkThemeDisabledBG2H: rgba(128,97,1,1); }

[mk-theme-highlight] { --mkThemePassiveBG1B: var(--mkThemePassiveBG1H);
--mkThemePassiveFG1B: var(--mkThemePassiveFG1H);
--mkThemeActionBG1B: var(--mkThemeActionBG1H);
--mkThemeActionFG1B: var(--mkThemeActionFG1H);
--mkThemeFocusBG1B: var(--mkThemeFocusBG1H);
--mkThemeFocusFG1B: var(--mkThemeFocusFG1H);
--mkThemeHoverBG1B: var(--mkThemeHoverBG1H);
--mkThemeHoverFG1B: var(--mkThemeHoverFG1H);
--mkThemeDisabledBG1B: var(--mkThemeDisabledBG1H);
--mkThemeDisabledFG1B: var(--mkThemeDisabledFG1H);
--mkThemePassiveBG2B: var(--mkThemePassiveBG2H);
--mkThemePassiveFG2B: var(--mkThemePassiveFG2H);
--mkThemeActionBG2B: var(--mkThemeActionBG2H);
--mkThemeActionFG2B: var(--mkThemeActionFG2H);
--mkThemeFocusBG2B: var(--mkThemeFocusBG2H);
--mkThemeFocusFG2B: var(--mkThemeFocusFG2H);
--mkThemeHoverBG2B: var(--mkThemeHoverBG2H);
--mkThemeHoverFG2B: var(--mkThemeHoverFG2H);
--mkThemeDisabledBG2B: var(--mkThemeDisabledBG2H);
--mkThemeDisabledFG2B: var(--mkThemeDisabledFG2H); }
/***********
 * Variables
 ***********/
 * {
  --mkFontFamilyHeader: 'Montserrat', cursive;
  --mkFontFamilyNormal: 'Lato', sans-serif;
  --mkFontFamilyMono: 'Ubuntu Mono', monospace;

  --mkFontWeightNormal: 400;
  --mkFontWeightBold: 700;
  --mkLineHeight: 2rem;

  --mkSizePadding: 1rem;

  --mkAnimationTime: .15s;

  --mkGridColumn: 4rem;
  --mkGridGap: 1rem;
}

/*****************
 * Theme variables
 *****************/
[mk-theme="light"],
[mk-theme="dark"],
[mk-theme-highlight],
[mk-passive-1] {
  --mkThemeBG: var(--mkThemePassiveBG1B);
  --mkThemeFG: var(--mkThemePassiveFG1B);
}

[mk-theme="light"] [mk-passive-2],
[mk-theme="light"][mk-passive-2],
[mk-theme="dark"] [mk-passive-2],
[mk-theme="dark"][mk-passive-2],
[mk-theme-highlight] [mk-passive-2],
[mk-theme-highlight][mk-passive-2],
[mk-passive-2] {
  --mkThemeBG: var(--mkThemePassiveBG2B);
  --mkThemeFG: var(--mkThemePassiveFG2B);
}

[mk-theme="light"] [mk-action-1],
[mk-theme="light"][mk-action-1],
[mk-theme="dark"] [mk-action-1],
[mk-theme="dark"][mk-action-1],
[mk-theme-highlight] [mk-action-1],
[mk-theme-highlight][mk-action-1],
[mk-action-1] {
  --mkThemeBG: var(--mkThemeActionBG1B);
  --mkThemeFG: var(--mkThemeActionFG1B);
}

[mk-theme="light"] [mk-action-2],
[mk-theme="light"][mk-action-2],
[mk-theme="dark"] [mk-action-2],
[mk-theme="dark"][mk-action-2],
[mk-theme-highlight] [mk-action-2],
[mk-theme-highlight][mk-action-2],
[mk-action-2] {
  --mkThemeBG: var(--mkThemeActionBG2B);
  --mkThemeFG: var(--mkThemeActionFG2B);
}

[mk-theme="light"] a,
a[mk-theme="light"],
[mk-theme="dark"] a,
a[mk-theme="dark"],
[mk-theme-highlight] a,
a[mk-theme-highlight],
a {
  --mkThemeBG: var(--mkThemeActionBG2B);
  --mkThemeFG: var(--mkThemeActionFG2B);
}

[mk-theme="light"] [mk-action-1]:focus-within,
[mk-theme="light"][mk-action-1]:focus-within,
[mk-theme="dark"] [mk-action-1]:focus-within,
[mk-theme="dark"][mk-action-1]:focus-within,
[mk-theme-highlight] [mk-action-1]:focus-within,
[mk-theme-highlight][mk-action-1]:focus-within,
[mk-action-1]:focus-within {
  --mkThemeBG: var(--mkThemeFocusBG1B);
  --mkThemeFG: var(--mkThemeFocusFG1B);
}

[mk-theme="light"] [mk-action-2]:focus-within,
[mk-theme="light"][mk-action-2]:focus-within,
[mk-theme="dark"] [mk-action-2]:focus-within,
[mk-theme="dark"][mk-action-2]:focus-within,
[mk-theme-highlight] [mk-action-2]:focus-within,
[mk-theme-highlight][mk-action-2]:focus-within,
[mk-action-2]:focus-within {
  --mkThemeBG: var(--mkThemeFocusBG2B);
  --mkThemeFG: var(--mkThemeFocusFG2B);
}

[mk-theme="light"] a:focus-within,
a[mk-theme="light"]:focus-within,
[mk-theme="dark"] a:focus-within,
a[mk-theme="dark"]:focus-within,
[mk-theme-highlight] a:focus-within,
a[mk-theme-highlight]:focus-within,
a:focus-within {
  --mkThemeBG: var(--mkThemeFocusBG2B);
  --mkThemeFG: var(--mkThemeFocusFG2B);
}

[mk-theme="light"] [mk-action-1]:hover,
[mk-theme="light"][mk-action-1]:hover,
[mk-theme="dark"] [mk-action-1]:hover,
[mk-theme="dark"][mk-action-1]:hover,
[mk-theme-highlight] [mk-action-1]:hover,
[mk-theme-highlight][mk-action-1]:hover,
[mk-action-1]:hover {
  --mkThemeBG: var(--mkThemeHoverBG1B);
  --mkThemeFG: var(--mkThemeHoverFG1B);
}

[mk-theme="light"] [mk-action-2]:hover,
[mk-theme="light"][mk-action-2]:hover,
[mk-theme="dark"] [mk-action-2]:hover,
[mk-theme="dark"][mk-action-2]:hover,
[mk-theme-highlight] [mk-action-2]:hover,
[mk-theme-highlight][mk-action-2]:hover,
[mk-action-2]:hover {
  --mkThemeBG: var(--mkThemeHoverBG2B);
  --mkThemeFG: var(--mkThemeHoverFG2B);
}

[mk-theme="light"] a:hover,
a[mk-theme="light"]:hover,
[mk-theme="dark"] a:hover,
a[mk-theme="dark"]:hover,
[mk-theme-highlight] a:hover,
a[mk-theme-highlight]:hover,
a:hover {
  --mkThemeBG: var(--mkThemeHoverBG2B);
  --mkThemeFG: var(--mkThemeHoverFG2B);
}

[mk-theme="light"] [mk-action-1][mk-disabled],
[mk-theme="light"][mk-action-1][mk-disabled],
[mk-theme="dark"] [mk-action-1][mk-disabled],
[mk-theme="dark"][mk-action-1][mk-disabled],
[mk-theme-highlight] [mk-action-1][mk-disabled],
[mk-theme-highlight][mk-action-1][mk-disabled],
[mk-action-1][mk-disabled] {
  --mkThemeBG: var(--mkThemeDisabledBG1B);
  --mkThemeFG: var(--mkThemeDisabledFG1B);
}

[mk-theme="light"] [mk-action-2][mk-disabled],
[mk-theme="light"][mk-action-2][mk-disabled],
[mk-theme="dark"] [mk-action-2][mk-disabled],
[mk-theme="dark"][mk-action-2][mk-disabled],
[mk-theme-highlight] [mk-action-2][mk-disabled],
[mk-theme-highlight][mk-action-2][mk-disabled],
[mk-action-2][mk-disabled] {
  --mkThemeBG: var(--mkThemeDisabledBG2B);
  --mkThemeFG: var(--mkThemeDisabledFG2B);
}

/****************
 * Applied themes
 ****************/
[mk-theme-highlight],
[mk-theme],
[mk-action-1], [mk-action-2],
[mk-passive-1], [mk-passive-2],
[mk-body-1], [mk-body-2],
a {
  background: var(--mkThemeBG);
  color: var(--mkThemeFG);
}

/*************
 * Applied CSS
 *************/

html, button, input {
  font-family: var(--mkFontFamilyNormal);
}

html {
  font-size: 75%;
}

body {
  margin: 0;
}

[mk-body-1],
[mk-body-2],
a,
button,
code,
pre,
kbd {
  font-size: 1.25rem;
  line-height: 2rem;
}

[mk-body-2] {
  font-weight: 700;
}

a {
  font-weight: var(--mkFontWeightBold);
  text-decoration: none;
}

a > code {
  color: var(--mkThemeActionFG1);
}

a:hover, a:focus {
  cursor: pointer;
  text-decoration: underline;
}

a:hover > code,
a:focus > code {
  color: var(--mkThemeActionFocusFG1);
}

a:focus {
  outline: none;
}

h1 {
  font-size: 5rem;
  font-weight: 300;
  line-height: 8rem;
}

h2 {
  font-size: 4rem;
  font-weight: 400;
  line-height: 8rem;
}

h3 {
  font-size: 3rem;
  font-weight: 400;
  line-height: 8rem;
}

h4 {
  font-size: 2rem;
  font-weight: 400;
  line-height: 4rem;
}

h5 {
  font-size: 1.75rem;
  font-weight: 500;
  line-height: 4rem;
}

h6 {
  font-size: 1.5rem;
  font-weight: 700;
  line-height: 4rem;
}

h1, h2, h3, h4, h5, h6 {
  color: var(--mkThemeFG);
  font-family: var(--mkFontFamilyHeader);
  margin: 0;
}

hr {
  margin-block-start: 2rem;
  margin-block-end: 2rem;
  border-style: solid;
  border-bottom-color: var(--mkThemeActionDisabledFG2);
  border-top: none;
  border-left: none;
  border-right: none;
}

code, pre, kbd {
  color: var(--mkThemeFG);
  font-family: var(--mkFontFamilyMono);
}

pre {
  padding: 1rem;
}

/* fieldset {
  border: 2px solid var(--mkThemeActionFG1);
  padding: 1rem 1rem 2rem 1rem;
}

fieldset:hover, fieldset:focus {
  border-color: var(--mkThemeActionFocusFG1);
} */

input {
  background-color: var(--mkThemeBG);
}

input:-webkit-autofill,
input:-webkit-autofill:hover,
input:-webkit-autofill:focus,
textarea:-webkit-autofill,
textarea:-webkit-autofill:hover,
textarea:-webkit-autofill:focus,
select:-webkit-autofill,
select:-webkit-autofill:hover,
select:-webkit-autofill:focus {
  -webkit-text-fill-color: var(--mkThemeFG);
  transition: background-color 5000s ease-in-out 0s;
}

label {
  color: var(--mkThemeFG);
  font-size: 1.25rem;
  line-height: 2rem;
}

/* legend {
  color: var(--mkThemeActionFG1);
} */

/* fieldset:hover > legend, fieldset:focus > legend {
  color: var(--mkThemeActionFocusFG1);
} */

p, pre {
  margin-block-start: 1rem;
  margin-block-end: 1rem;
}

/* Table styling */
table {
  border-collapse: collapse;
  color: var(--mkThemeFG);
  font-size: var(--gsFontSizeRoot);
  table-layout: fixed;
}

table tr:nth-child(2n) {
  background-color: var(--mkThemeBG);
}

th {
  font-size: 1.5rem;
  font-weight: 700;
  text-align: start;
}

td, th {
  border: 1px solid var(--mkThemeFG);
  padding: 1rem;
}

tr:first-child th {
  border-top: none;
}

th:first-child,
td:first-child {
  border-left: none;
}

th:last-child,
td:last-child {
  border-right: none;
}

tr:last-child th,
tr:last-child td {
  border-bottom: none;
}

dl {
  display: grid;
  grid-template-columns: auto 1fr;
  margin-block-start: 1rem;
  margin-block-end: 1rem;
}

dt, dd {
  padding: 1rem;
}

dt > p,
dd > p {
  margin: 0;
}

dd {
  margin-inline-start: 0;
}

dt {
  font-weight: var(--mkFontWeightBold);
}

/* Layouts */
[layout="grid"] {
  display: grid;
  grid-column-gap: 1rem;
  grid-auto-rows: 4rem;
}

[layout="row"] {
  display: flex;
  flex-direction: row;
}

[layout="column"] {
  display: flex;
  flex-direction: column;
}

[flex] {
  flex: 1;
}

[flex-wrap] {
  flex-wrap: wrap;
}

[flex-justify="flex-start"] {
  justify-content: flex-start;
}

[flex-justify="flex-end"] {
  justify-content: flex-end;
}

[flex-justify="center"] {
  justify-content: center;
}

[flex-justify="space-between"] {
  justify-content: space-between;
}

[flex-justify="space-around"] {
  justify-content: space-around;
}

[flex-align="flex-start"] {
  align-items: flex-start;
}

[flex-align="flex-end"] {
  align-items: flex-end;
}

[flex-align="center"] {
  align-items: center;
}

[flex-align="stretch"] {
  align-items: stretch;
}

[flex-align="baseline"] {
  align-items: baseline;
}

[fill-parent] {
  bottom: 0;
  left: 0;
  position: absolute;
  right: 0;
  top: 0;
}

[shadow="up"] {
  box-shadow: 0 1px 8px 0 rgba(0,0,0,.2),
      0 3px 4px 0 rgba(0,0,0,.14),
      0 3px 3px -2px rgba(0,0,0,.12);
}
[shadow="down"] {
  position: relative;
}
[shadow="down"]::before {
  content: '';

  position: absolute;
  left: 0px;
  top: 0px;
  right: 0px;
  bottom: 0px;

  box-shadow: inset 4px 1px 8px 0 rgba(0,0,0,.2),
      inset 0 3px 4px 0 rgba(0,0,0,.14),
      inset 1.5px 3px 3px -2px rgba(0,0,0,.12);
  pointer-events: none;
}
</style></div>