<mk-test-base-input><div id="div" aria-disabled="false" mk-action-1=""></div></mk-test-base-input>