<mk-checkbox mk-theme="light">Label<gst-fake-shadow><style>
  /* Customize the label (the container) */
  #container {
    display: block;
    position: relative;
    cursor: pointer;
    user-select: none;
  }

  /* Hide the browser's default checkbox */
  #input {
    position: absolute;
    opacity: 0;
    cursor: pointer;
    height: 0;
    width: 0;
  }

  #container[mk-disabled],
  #container[mk-disabled]:focus,
  #container[mk-disabled] #input,
  #container[mk-disabled]:focus #input {
    cursor: default;
  }

  #iconContainer {
    height: 2rem;
  }
</style>

<label id="container" mk-body-2="" aria-disabled="false" mk-action-1="">
  <input id="input" type="checkbox">
  <mk-list-item-layout>
    <div id="iconContainer" slot="bullet">
      <mk-icon id="icon" icon="mk.checkbox_unknown"><gst-fake-shadow><style>
  :host {
    pointer-events: none;
    user-select: none;
  }

  #root > svg #foreground {
    fill: var(--mkThemeFG) !important;
  }
</style>
<span aria-hidden="true" role="presentation" id="root"><svg xmlns:dc="http://purl.org/dc/elements/1.1/" xmlns:cc="http://creativecommons.org/ns#" xmlns:rdf="http://www.w3.org/1999/02/22-rdf-syntax-ns#" xmlns:svg="http://www.w3.org/2000/svg" xmlns="http://www.w3.org/2000/svg" xmlns:sodipodi="http://sodipodi.sourceforge.net/DTD/sodipodi-0.dtd" xmlns:inkscape="http://www.inkscape.org/namespaces/inkscape" version="1.1" width="24" height="24" viewBox="0 0 24 24" id="svg2" inkscape:version="0.91 r13725" sodipodi:docname="checkbox_unknown.svg">
  <metadata id="metadata10">
    <rdf:RDF>
      <cc:Work rdf:about="">
        <dc:format>image/svg+xml</dc:format>
        <dc:type rdf:resource="http://purl.org/dc/dcmitype/StillImage"></dc:type>
        <dc:title></dc:title>
      </cc:Work>
    </rdf:RDF>
  </metadata>
  <defs id="defs8"></defs>
  <sodipodi:namedview pagecolor="#ffffff" bordercolor="#666666" borderopacity="1" objecttolerance="10" gridtolerance="10" guidetolerance="10" inkscape:pageopacity="0" inkscape:pageshadow="2" inkscape:window-width="1383" inkscape:window-height="732" id="namedview6" showgrid="false" inkscape:zoom="11.313709" inkscape:cx="15.258784" inkscape:cy="10.199995" inkscape:window-x="0" inkscape:window-y="0" inkscape:window-maximized="0" inkscape:current-layer="svg2"></sodipodi:namedview>
  <path id="foreground" transform="matrix(0.73785054,0,0,0.61155182,3.4565218,6.4308647)" style="color:#000000;clip-rule:nonzero;display:inline;overflow:visible;visibility:visible;opacity:1;isolation:auto;mix-blend-mode:normal;color-interpolation:sRGB;color-interpolation-filters:linearRGB;solid-color:#000000;solid-opacity:1;fill:#000000;fill-opacity:1;fill-rule:nonzero;stroke:none;stroke-width:10;stroke-linecap:butt;stroke-linejoin:miter;stroke-miterlimit:4;stroke-dasharray:none;stroke-dashoffset:0;stroke-opacity:1;color-rendering:auto;image-rendering:auto;shape-rendering:auto;text-rendering:auto;enable-background:accumulate" d="m 3.4471455,7.4713788 16.2634565,0 0,3.2703692 -16.2634565,0 z m -8.1317281,-17.9870288 0,39.244426 32.5269126,0 0,-39.244426 -32.5269126,0 z m 2.710576,3.2703691 27.1057606,0 0,32.7036879 -27.1057606,0 0,-32.7036879 z" inkscape:connector-curvature="0"></path>
</svg></span>
<link rel="stylesheet" href="base/test.css"></gst-fake-shadow></mk-icon>
    </div>
    <slot slot="label"></slot>
  <gst-fake-shadow><style>
  #bulletContainer {
    overflow: hidden;
    width: 4rem;
  }

  #contents {
    overflow: hidden;
  }

  #label::slotted(*),
  #details::slotted(*) {
    padding: 0 1rem;
  }

  #root {
    background-color: var(--mkThemeBG);
    color: var(--mkThemeFG);
    height: 4rem;
    text-align: start;
  }
</style>

<div id="root" layout="row">
  <div id="bulletContainer" layout="row" flex-align="center" flex-justify="center">
    <slot name="bullet"></slot>
  </div>
  <div layout="column" id="contents" flex="">
    <slot id="label" name="label"></slot>
    <slot id="details" name="details"></slot>
  </div>
</div><link rel="stylesheet" href="base/test.css"></gst-fake-shadow></mk-list-item-layout>
</label>
<link rel="stylesheet" href="base/test.css"></gst-fake-shadow></mk-checkbox>