<mk-radio-input mk-theme="light" index="3" group="test-group">Label<gst-fake-shadow><style>
  /* Customize the label (the container) */
  #container {
    display: block;
    position: relative;
    cursor: pointer;
    user-select: none;
  }

  /* Hide the browser's default checkbox */
  #container input {
    position: absolute;
    opacity: 0;
    cursor: pointer;
    height: 0;
    width: 0;
  }

  :host([disabled]) #container,
  :host([disabled]:focus) #container,
  :host([disabled]) #container input,
  :host([disabled]:focus) #container input {
    cursor: default;
  }

  /* Create a custom checkbox */
  #checkmark {
    position: absolute;
  }

  /* Create the checkmark/indicator (hidden when not checked) */
  #checkmark:after {
    content: "";
    position: absolute;
    display: none;
  }

  /* Show the checkmark when checked */
  #container input:checked ~ #checkmark:after {
    display: block;
  }

  #display_checked,
  #display_unchecked {
    display: none;
  }

  #container.display_checked #display_checked,
  #container.display_unchecked #display_unchecked {
    display: block;
  }

  .iconContainer {
    height: 2rem;
  }
</style>

<label id="container" mk-body-2="" aria-disabled="false" mk-action-1="">
  <input id="input" type="radio" gst-input-value="on" gst-input-checked="">
  <mk-list-item-layout>
    <div class="iconContainer" slot="bullet">
      <mk-icon id="icon" icon="mk.radio_checked"><gst-fake-shadow><style>
  :host {
    pointer-events: none;
    user-select: none;
  }

  #root > svg #foreground {
    fill: var(--mkThemeFG) !important;
  }
</style>
<span aria-hidden="true" role="presentation" id="root"><svg xmlns:dc="http://purl.org/dc/elements/1.1/" xmlns:cc="http://creativecommons.org/ns#" xmlns:rdf="http://www.w3.org/1999/02/22-rdf-syntax-ns#" xmlns:svg="http://www.w3.org/2000/svg" xmlns="http://www.w3.org/2000/svg" xmlns:sodipodi="http://sodipodi.sourceforge.net/DTD/sodipodi-0.dtd" xmlns:inkscape="http://www.inkscape.org/namespaces/inkscape" sodipodi:docname="radio_checked.svg" inkscape:version="1.0 (4035a4f, 2020-05-01)" id="svg2" viewBox="0 0 24 24" height="24" width="24" version="1.1">
  <metadata id="metadata10">
    <rdf:RDF>
      <cc:Work rdf:about="">
        <dc:format>image/svg+xml</dc:format>
        <dc:type rdf:resource="http://purl.org/dc/dcmitype/StillImage"></dc:type>
        <dc:title></dc:title>
      </cc:Work>
    </rdf:RDF>
  </metadata>
  <defs id="defs8"></defs>
  <sodipodi:namedview inkscape:document-rotation="0" inkscape:current-layer="svg2" inkscape:window-maximized="0" inkscape:window-y="0" inkscape:window-x="0" inkscape:cy="10.199995" inkscape:cx="-15.191001" inkscape:zoom="11.313709" showgrid="false" id="namedview6" inkscape:window-height="1050" inkscape:window-width="1680" inkscape:pageshadow="2" inkscape:pageopacity="0" guidetolerance="10" gridtolerance="10" objecttolerance="10" borderopacity="1" bordercolor="#666666" pagecolor="#ffffff"></sodipodi:namedview>
  <path d="M 4,4 H 20 V 20 H 4 Z M 0,0 V 24 H 24 V 0 Z M 2,2 H 22 V 22 H 2 Z" style="opacity:1;fill:#000000;stroke-width:0.965605" id="foreground"></path>
</svg></span>
<link rel="stylesheet" href="base/test.css"></gst-fake-shadow></mk-icon>
    </div>
    <p id="label" slot="label">
      <slot></slot>
    </p>
  <gst-fake-shadow><style>
  #bulletContainer {
    overflow: hidden;
    width: 4rem;
  }

  #contents {
    overflow: hidden;
  }

  #label::slotted(*),
  #details::slotted(*) {
    padding: 0 1rem;
  }

  #root {
    background-color: var(--mkThemeBG);
    color: var(--mkThemeFG);
    height: 4rem;
    text-align: start;
  }
</style>

<div id="root" layout="row">
  <div id="bulletContainer" layout="row" flex-align="center" flex-justify="center">
    <slot name="bullet"></slot>
  </div>
  <div layout="column" id="contents" flex="">
    <slot id="label" name="label"></slot>
    <slot id="details" name="details"></slot>
  </div>
</div><link rel="stylesheet" href="base/test.css"></gst-fake-shadow></mk-list-item-layout>
</label>
<link rel="stylesheet" href="base/test.css"></gst-fake-shadow></mk-radio-input>