<mk-checkbox mk-action-1="" state-id="1" label="label"><style>
  /* Customize the label (the container) */
  #container {
    display: block;
    position: relative;
    cursor: pointer;
    user-select: none;
  }

  /* Hide the browser's default checkbox */
  #container input {
    position: absolute;
    opacity: 0;
    cursor: pointer;
    height: 0;
    width: 0;
  }

  :host([disabled]) #container,
  :host([disabled]:focus) #container,
  :host([disabled]) #container input,
  :host([disabled]:focus) #container input {
    cursor: default;
  }

  /* Create a custom checkbox */
  #checkmark {
    position: absolute;
  }

  /* Create the checkmark/indicator (hidden when not checked) */
  #checkmark:after {
    content: "";
    position: absolute;
    display: none;
  }

  /* Show the checkmark when checked */
  #container input:checked ~ #checkmark:after {
    display: block;
  }

  #display_checked,
  #display_unchecked,
  #display_unknown {
    display: none;
  }

  #container.display_checked #display_checked,
  #container.display_unchecked #display_unchecked,
  #container.display_unknown #display_unknown {
    display: block;
  }

  .iconContainer {
    height: 2rem;
  }
</style>

<label id="container" mk-body-2="" class="display_checked">
  <input id="checkbox" type="checkbox" checked="checked">
  <slot id="display_checked" name="display_checked">
    <mk-list-item-layout><style>
  #bulletContainer {
    overflow: hidden;
    width: 4rem;
  }

  #contents {
    overflow: hidden;
  }

  #label::slotted(*),
  #details::slotted(*) {
    padding: 0 1rem;
  }

  #root {
    background-color: var(--mkThemeBG);
    color: var(--mkThemeFG);
    height: 4rem;
  }
</style>

<div id="root" layout="row">
  <div id="bulletContainer" layout="row" flex-align="center" flex-justify="center">
    <div class="iconContainer" slot="bullet"><mk-icon icon="mk.checkbox_checked" aria-hidden="true" role="presentation"><style>
  :host {
    pointer-events: none;
    user-select: none;
  }

  #root > svg #foreground {
    fill: var(--mkThemeFG) !important;
  }
</style>
<span id="root">
  <!-- #content --><svg xmlns:dc="http://purl.org/dc/elements/1.1/" xmlns:cc="http://creativecommons.org/ns#" xmlns:rdf="http://www.w3.org/1999/02/22-rdf-syntax-ns#" xmlns:svg="http://www.w3.org/2000/svg" xmlns="http://www.w3.org/2000/svg" xmlns:sodipodi="http://sodipodi.sourceforge.net/DTD/sodipodi-0.dtd" xmlns:inkscape="http://www.inkscape.org/namespaces/inkscape" version="1.1" height="100%" viewBox="0 0 24 24" id="svg2" inkscape:version="0.91 r13725" sodipodi:docname="checkbox_checked.svg">
  <metadata id="metadata10">
    <rdf:rdf>
      <cc:work rdf:about="">
        <dc:format>image/svg+xml</dc:format>
        <dc:type rdf:resource="http://purl.org/dc/dcmitype/StillImage"></dc:type>
      </cc:work>
    </rdf:rdf>
  </metadata>
  <defs id="defs8"></defs>
  <sodipodi:namedview pagecolor="#ffffff" bordercolor="#666666" borderopacity="1" objecttolerance="10" gridtolerance="10" guidetolerance="10" inkscape:pageopacity="0" inkscape:pageshadow="2" inkscape:window-width="1383" inkscape:window-height="732" id="namedview6" showgrid="false" inkscape:zoom="11.313709" inkscape:cx="-0.73950701" inkscape:cy="10.199995" inkscape:window-x="0" inkscape:window-y="0" inkscape:window-maximized="0" inkscape:current-layer="svg2"></sodipodi:namedview>
  <path id="foreground" d="M 21,7 9,19 3.5,13.5 4.91,12.09 9,16.17 19.59,5.59 21,7 Z M 0,0 0,24 24,24 24,0 0,0 Z M 2,2 22,2 22,22 2,22 2,2 Z"></path>
</svg>
</span>
<link rel="stylesheet" href="base/test.css"></mk-icon></div>
  </div>
  <div layout="column" id="contents" flex="">
    <p id="checkedLabel" slot="label">label</p>
    <slot id="details" name="details"></slot>
  </div>
</div><link rel="stylesheet" href="base/test.css"></mk-list-item-layout>
  </slot>
  <slot id="display_unchecked" name="display_unchecked">
    <mk-list-item-layout><style>
  #bulletContainer {
    overflow: hidden;
    width: 4rem;
  }

  #contents {
    overflow: hidden;
  }

  #label::slotted(*),
  #details::slotted(*) {
    padding: 0 1rem;
  }

  #root {
    background-color: var(--mkThemeBG);
    color: var(--mkThemeFG);
    height: 4rem;
  }
</style>

<div id="root" layout="row">
  <div id="bulletContainer" layout="row" flex-align="center" flex-justify="center">
    <div class="iconContainer" slot="bullet"><mk-icon icon="mk.checkbox_unchecked" aria-hidden="true" role="presentation"><style>
  :host {
    pointer-events: none;
    user-select: none;
  }

  #root > svg #foreground {
    fill: var(--mkThemeFG) !important;
  }
</style>
<span id="root">
  <!-- #content --><svg xmlns:dc="http://purl.org/dc/elements/1.1/" xmlns:cc="http://creativecommons.org/ns#" xmlns:rdf="http://www.w3.org/1999/02/22-rdf-syntax-ns#" xmlns:svg="http://www.w3.org/2000/svg" xmlns="http://www.w3.org/2000/svg" xmlns:sodipodi="http://sodipodi.sourceforge.net/DTD/sodipodi-0.dtd" xmlns:inkscape="http://www.inkscape.org/namespaces/inkscape" version="1.1" height="100%" viewBox="0 0 24 24" id="svg2" inkscape:version="0.91 r13725" sodipodi:docname="checkbox_empty.svg">
  <metadata id="metadata10">
    <rdf:rdf>
      <cc:work rdf:about="">
        <dc:format>image/svg+xml</dc:format>
        <dc:type rdf:resource="http://purl.org/dc/dcmitype/StillImage"></dc:type>
        <dc:title></dc:title>
      </cc:work>
    </rdf:rdf>
  </metadata>
  <defs id="defs8"></defs>
  <sodipodi:namedview pagecolor="#ffffff" bordercolor="#666666" borderopacity="1" objecttolerance="10" gridtolerance="10" guidetolerance="10" inkscape:pageopacity="0" inkscape:pageshadow="2" inkscape:window-width="1383" inkscape:window-height="732" id="namedview6" showgrid="false" inkscape:zoom="11.313709" inkscape:cx="-0.73950701" inkscape:cy="10.199995" inkscape:window-x="0" inkscape:window-y="0" inkscape:window-maximized="0" inkscape:current-layer="svg2"></sodipodi:namedview>
  <path style="color:#000000;clip-rule:nonzero;display:inline;overflow:visible;visibility:visible;opacity:1;isolation:auto;mix-blend-mode:normal;color-interpolation:sRGB;color-interpolation-filters:linearRGB;solid-color:#000000;solid-opacity:1;fill:#000000;fill-opacity:1;fill-rule:nonzero;stroke:none;stroke-width:10;stroke-linecap:butt;stroke-linejoin:miter;stroke-miterlimit:4;stroke-dasharray:none;stroke-dashoffset:0;stroke-opacity:1;color-rendering:auto;image-rendering:auto;shape-rendering:auto;text-rendering:auto;enable-background:accumulate" d="M 0,0 0,24 24,24 24,0 0,0 Z M 2,2 22,2 22,22 2,22 2,2 Z" id="foreground" inkscape:connector-curvature="0"></path>
</svg>
</span>
<link rel="stylesheet" href="base/test.css"></mk-icon></div>
  </div>
  <div layout="column" id="contents" flex="">
    <p id="uncheckedLabel" slot="label">label</p>
    <slot id="details" name="details"></slot>
  </div>
</div><link rel="stylesheet" href="base/test.css"></mk-list-item-layout>
  </slot>
  <slot id="display_unknown" name="display_unknown">
    <mk-list-item-layout><style>
  #bulletContainer {
    overflow: hidden;
    width: 4rem;
  }

  #contents {
    overflow: hidden;
  }

  #label::slotted(*),
  #details::slotted(*) {
    padding: 0 1rem;
  }

  #root {
    background-color: var(--mkThemeBG);
    color: var(--mkThemeFG);
    height: 4rem;
  }
</style>

<div id="root" layout="row">
  <div id="bulletContainer" layout="row" flex-align="center" flex-justify="center">
    <div class="iconContainer" slot="bullet"><mk-icon icon="mk.checkbox_unknown" aria-hidden="true" role="presentation"><style>
  :host {
    pointer-events: none;
    user-select: none;
  }

  #root > svg #foreground {
    fill: var(--mkThemeFG) !important;
  }
</style>
<span id="root">
  <!-- #content --><svg xmlns:dc="http://purl.org/dc/elements/1.1/" xmlns:cc="http://creativecommons.org/ns#" xmlns:rdf="http://www.w3.org/1999/02/22-rdf-syntax-ns#" xmlns:svg="http://www.w3.org/2000/svg" xmlns="http://www.w3.org/2000/svg" xmlns:sodipodi="http://sodipodi.sourceforge.net/DTD/sodipodi-0.dtd" xmlns:inkscape="http://www.inkscape.org/namespaces/inkscape" version="1.1" height="100%" viewBox="0 0 24 24" id="svg2" inkscape:version="0.91 r13725" sodipodi:docname="checkbox_unknown.svg">
  <metadata id="metadata10">
    <rdf:rdf>
      <cc:work rdf:about="">
        <dc:format>image/svg+xml</dc:format>
        <dc:type rdf:resource="http://purl.org/dc/dcmitype/StillImage"></dc:type>
        <dc:title></dc:title>
      </cc:work>
    </rdf:rdf>
  </metadata>
  <defs id="defs8"></defs>
  <sodipodi:namedview pagecolor="#ffffff" bordercolor="#666666" borderopacity="1" objecttolerance="10" gridtolerance="10" guidetolerance="10" inkscape:pageopacity="0" inkscape:pageshadow="2" inkscape:window-width="1383" inkscape:window-height="732" id="namedview6" showgrid="false" inkscape:zoom="11.313709" inkscape:cx="15.258784" inkscape:cy="10.199995" inkscape:window-x="0" inkscape:window-y="0" inkscape:window-maximized="0" inkscape:current-layer="svg2"></sodipodi:namedview>
  <path id="foreground" transform="matrix(0.73785054,0,0,0.61155182,3.4565218,6.4308647)" style="color:#000000;clip-rule:nonzero;display:inline;overflow:visible;visibility:visible;opacity:1;isolation:auto;mix-blend-mode:normal;color-interpolation:sRGB;color-interpolation-filters:linearRGB;solid-color:#000000;solid-opacity:1;fill:#000000;fill-opacity:1;fill-rule:nonzero;stroke:none;stroke-width:10;stroke-linecap:butt;stroke-linejoin:miter;stroke-miterlimit:4;stroke-dasharray:none;stroke-dashoffset:0;stroke-opacity:1;color-rendering:auto;image-rendering:auto;shape-rendering:auto;text-rendering:auto;enable-background:accumulate" d="m 3.4471455,7.4713788 16.2634565,0 0,3.2703692 -16.2634565,0 z m -8.1317281,-17.9870288 0,39.244426 32.5269126,0 0,-39.244426 -32.5269126,0 z m 2.710576,3.2703691 27.1057606,0 0,32.7036879 -27.1057606,0 0,-32.7036879 z" inkscape:connector-curvature="0"></path>
</svg>
</span>
<link rel="stylesheet" href="base/test.css"></mk-icon></div>
  </div>
  <div layout="column" id="contents" flex="">
    <p id="unknownLabel" slot="label">label</p>
    <slot id="details" name="details"></slot>
  </div>
</div><link rel="stylesheet" href="base/test.css"></mk-list-item-layout>
  </slot>
</label>
<link rel="stylesheet" href="base/test.css"></mk-checkbox>